<html>
<body>
<pre>
<h1>µVision Build Log</h1>
<h2>Tool Versions:</h2>
IDE-Version: ¦ÌVision V5.24.2.0
Copyright (C) 2017 ARM Ltd and ARM Germany GmbH. All rights reserved.
License Information: Si Ë¾ÎäÇ¿, XidianUniversity, LIC=VGXG8-3FCG1-GKSBG-VN4D7-D2AW4-9CLSV
 
Tool Versions:
Toolchain:       MDK-ARM Plus  Version: 5.24.1
Toolchain Path:  D:\software\study\keil\keil5_mdk\ARM\ARMCC\Bin
C Compiler:      Armcc.exe V5.06 update 5 (build 528)
Assembler:       Armasm.exe V5.06 update 5 (build 528)
Linker/Locator:  ArmLink.exe V5.06 update 5 (build 528)
Library Manager: ArmAr.exe V5.06 update 5 (build 528)
Hex Converter:   FromElf.exe V5.06 update 5 (build 528)
CPU DLL:         SARMCM3.DLL V5.24.1
Dialog DLL:      DCM.DLL V1.16.0.0
Target DLL:      CMSIS_AGDI.dll V1.28.3.0
Dialog DLL:      TCM.DLL V1.32.0.0
 
<h2>Project:</h2>
C:\Users\Ë¾ÎäÇ¿\Desktop\C8T6+mpu6050¼òµ¥¶ÁÈ¡\USER\Template.uvprojx
Project File Date:  12/03/2022

<h2>Output:</h2>
*** Using Compiler 'V5.06 update 5 (build 528)', folder: 'D:\software\study\keil\keil5_mdk\ARM\ARMCC\Bin'
Rebuild target 'Template'
assembling startup_stm32f10x_md.s...
compiling core_cm3.c...
compiling system_stm32f10x.c...
compiling stm32f10x_bkp.c...
compiling stm32f10x_crc.c...
compiling main.c...
compiling stm32f10x_flash.c...
compiling misc.c...
compiling stm32f10x_gpio.c...
compiling stm32f10x_can.c...
compiling stm32f10x_dbgmcu.c...
compiling stm32f10x_cec.c...
compiling stm32f10x_dma.c...
compiling stm32f10x_fsmc.c...
compiling stm32f10x_dac.c...
compiling stm32f10x_adc.c...
compiling stm32f10x_exti.c...
compiling stm32f10x_it.c...
compiling stm32f10x_rcc.c...
compiling stm32f10x_pwr.c...
compiling stm32f10x_tim.c...
compiling stm32f10x_spi.c...
compiling delay.c...
compiling stm32f10x_rtc.c...
compiling stm32f10x_usart.c...
compiling stm32f10x_i2c.c...
compiling stm32f10x_iwdg.c...
compiling usart.c...
compiling stm32f10x_sdio.c...
compiling stm32f10x_wwdg.c...
compiling TIME.c...
..\HARDWARE\TIME23\TIME.c(34): warning:  #223-D: function "printf" declared implicitly
  		printf("\n\r ¸©Ñö½Ç=%.2f      ºá¹ö½Ç=%.2f      Æ«º½½Ç=%.2f \n\r",Pitch,Roll,Yaw); 
..\HARDWARE\TIME23\TIME.c: 1 warning, 0 errors
compiling IIC.c...
compiling led.c...
compiling inv_mpu_dmp_motion_driver.c...
compiling MPU6050.c...
..\HARDWARE\MPU6050\MPU6050.c(77): warning:  #223-D: function "printf" declared implicitly
  		printf("setting bias succesfully ......\r\n");
..\HARDWARE\MPU6050\MPU6050.c(261): warning:  #223-D: function "printf" declared implicitly
  	 printf("mpu_set_sensor complete ......\r\n");
..\HARDWARE\MPU6050\MPU6050.c: 2 warnings, 0 errors
compiling oled.c...
compiling inv_mpu.c...
compiling sys.c...
linking...
Program Size: Code=37496 RO-data=10536 RW-data=4980 ZI-data=3148  
FromELF: creating hex file...
"..\OBJ\Template.axf" - 0 Error(s), 3 Warning(s).

<h2>Software Packages used:</h2>

Package Vendor: Keil
                http://www.keil.com/pack/Keil.STM32F1xx_DFP.2.2.0.pack
                Keil.STM32F1xx_DFP.2.2.0
                STMicroelectronics STM32F1 Series Device Support, Drivers and Examples

<h2>Collection of Component include folders:</h2>
  .\RTE\_Template
  D:\software\study\keil\keil5_mdk\ARM\PACK\Keil\STM32F1xx_DFP\2.2.0\Device\Include

<h2>Collection of Component Files used:</h2>
Build Time Elapsed:  00:00:05
</pre>
</body>
</html>
