Component: ARM Compiler 5.06 update 5 (build 528) Tool: armlink [4d35e2]

==============================================================================

Section Cross References

    startup_stm32f10x_md.o(RESET) refers to startup_stm32f10x_md.o(STACK) for __initial_sp
    startup_stm32f10x_md.o(RESET) refers to startup_stm32f10x_md.o(.text) for Reset_Handler
    startup_stm32f10x_md.o(RESET) refers to stm32f10x_it.o(i.NMI_Handler) for NMI_Handler
    startup_stm32f10x_md.o(RESET) refers to stm32f10x_it.o(i.HardFault_Handler) for HardFault_Handler
    startup_stm32f10x_md.o(RESET) refers to stm32f10x_it.o(i.MemManage_Handler) for MemManage_Handler
    startup_stm32f10x_md.o(RESET) refers to stm32f10x_it.o(i.BusFault_Handler) for BusFault_Handler
    startup_stm32f10x_md.o(RESET) refers to stm32f10x_it.o(i.UsageFault_Handler) for UsageFault_Handler
    startup_stm32f10x_md.o(RESET) refers to stm32f10x_it.o(i.SVC_Handler) for SVC_Handler
    startup_stm32f10x_md.o(RESET) refers to stm32f10x_it.o(i.DebugMon_Handler) for DebugMon_Handler
    startup_stm32f10x_md.o(RESET) refers to stm32f10x_it.o(i.PendSV_Handler) for PendSV_Handler
    startup_stm32f10x_md.o(RESET) refers to stm32f10x_it.o(i.SysTick_Handler) for SysTick_Handler
    startup_stm32f10x_md.o(RESET) refers to main.o(i.TIM2_IRQHandler) for TIM2_IRQHandler
    startup_stm32f10x_md.o(RESET) refers to usart.o(i.USART1_IRQHandler) for USART1_IRQHandler
    startup_stm32f10x_md.o(RESET) refers to bluetooth.o(i.USART2_IRQHandler) for USART2_IRQHandler
    startup_stm32f10x_md.o(RESET) refers to main.o(i.EXTI15_10_IRQHandler) for EXTI15_10_IRQHandler
    startup_stm32f10x_md.o(.text) refers to system_stm32f10x.o(i.SystemInit) for SystemInit
    startup_stm32f10x_md.o(.text) refers to entry.o(.ARM.Collect$$$$00000000) for __main
    system_stm32f10x.o(i.SetSysClock) refers to system_stm32f10x.o(i.SetSysClockTo72) for SetSysClockTo72
    system_stm32f10x.o(i.SystemCoreClockUpdate) refers to system_stm32f10x.o(.data) for SystemCoreClock
    system_stm32f10x.o(i.SystemInit) refers to system_stm32f10x.o(i.SetSysClock) for SetSysClock
    stm32f10x_adc.o(i.ADC_DeInit) refers to stm32f10x_rcc.o(i.RCC_APB2PeriphResetCmd) for RCC_APB2PeriphResetCmd
    stm32f10x_bkp.o(i.BKP_DeInit) refers to stm32f10x_rcc.o(i.RCC_BackupResetCmd) for RCC_BackupResetCmd
    stm32f10x_can.o(i.CAN_DeInit) refers to stm32f10x_rcc.o(i.RCC_APB1PeriphResetCmd) for RCC_APB1PeriphResetCmd
    stm32f10x_can.o(i.CAN_GetITStatus) refers to stm32f10x_can.o(i.CheckITStatus) for CheckITStatus
    stm32f10x_cec.o(i.CEC_DeInit) refers to stm32f10x_rcc.o(i.RCC_APB1PeriphResetCmd) for RCC_APB1PeriphResetCmd
    stm32f10x_dac.o(i.DAC_DeInit) refers to stm32f10x_rcc.o(i.RCC_APB1PeriphResetCmd) for RCC_APB1PeriphResetCmd
    stm32f10x_flash.o(i.FLASH_EnableWriteProtection) refers to stm32f10x_flash.o(i.FLASH_WaitForLastOperation) for FLASH_WaitForLastOperation
    stm32f10x_flash.o(i.FLASH_EraseAllBank1Pages) refers to stm32f10x_flash.o(i.FLASH_WaitForLastBank1Operation) for FLASH_WaitForLastBank1Operation
    stm32f10x_flash.o(i.FLASH_EraseAllPages) refers to stm32f10x_flash.o(i.FLASH_WaitForLastOperation) for FLASH_WaitForLastOperation
    stm32f10x_flash.o(i.FLASH_EraseOptionBytes) refers to stm32f10x_flash.o(i.FLASH_GetReadOutProtectionStatus) for FLASH_GetReadOutProtectionStatus
    stm32f10x_flash.o(i.FLASH_EraseOptionBytes) refers to stm32f10x_flash.o(i.FLASH_WaitForLastOperation) for FLASH_WaitForLastOperation
    stm32f10x_flash.o(i.FLASH_ErasePage) refers to stm32f10x_flash.o(i.FLASH_WaitForLastOperation) for FLASH_WaitForLastOperation
    stm32f10x_flash.o(i.FLASH_ProgramHalfWord) refers to stm32f10x_flash.o(i.FLASH_WaitForLastOperation) for FLASH_WaitForLastOperation
    stm32f10x_flash.o(i.FLASH_ProgramOptionByteData) refers to stm32f10x_flash.o(i.FLASH_WaitForLastOperation) for FLASH_WaitForLastOperation
    stm32f10x_flash.o(i.FLASH_ProgramWord) refers to stm32f10x_flash.o(i.FLASH_WaitForLastOperation) for FLASH_WaitForLastOperation
    stm32f10x_flash.o(i.FLASH_ReadOutProtection) refers to stm32f10x_flash.o(i.FLASH_WaitForLastOperation) for FLASH_WaitForLastOperation
    stm32f10x_flash.o(i.FLASH_UserOptionByteConfig) refers to stm32f10x_flash.o(i.FLASH_WaitForLastOperation) for FLASH_WaitForLastOperation
    stm32f10x_flash.o(i.FLASH_WaitForLastBank1Operation) refers to stm32f10x_flash.o(i.FLASH_GetBank1Status) for FLASH_GetBank1Status
    stm32f10x_flash.o(i.FLASH_WaitForLastOperation) refers to stm32f10x_flash.o(i.FLASH_GetBank1Status) for FLASH_GetBank1Status
    stm32f10x_gpio.o(i.GPIO_AFIODeInit) refers to stm32f10x_rcc.o(i.RCC_APB2PeriphResetCmd) for RCC_APB2PeriphResetCmd
    stm32f10x_gpio.o(i.GPIO_DeInit) refers to stm32f10x_rcc.o(i.RCC_APB2PeriphResetCmd) for RCC_APB2PeriphResetCmd
    stm32f10x_i2c.o(i.I2C_DeInit) refers to stm32f10x_rcc.o(i.RCC_APB1PeriphResetCmd) for RCC_APB1PeriphResetCmd
[...]
    Hardware\oled\oled.c                     0x00000000   Number         0  oled.o ABSOLUTE
    Hardware\pca9685\pca9685.c               0x00000000   Number         0  pca9685.o ABSOLUTE
    Hardware\ray\ray.c                       0x00000000   Number         0  ray.o ABSOLUTE
    Hardware\serial\usart.c                  0x00000000   Number         0  usart.o ABSOLUTE
    Hardware\servo_motor\servo_motor.c       0x00000000   Number         0  servo_motor.o ABSOLUTE
    Library\misc.c                           0x00000000   Number         0  misc.o ABSOLUTE
    Library\stm32f10x_adc.c                  0x00000000   Number         0  stm32f10x_adc.o ABSOLUTE
    Library\stm32f10x_bkp.c                  0x00000000   Number         0  stm32f10x_bkp.o ABSOLUTE
    Library\stm32f10x_can.c                  0x00000000   Number         0  stm32f10x_can.o ABSOLUTE
    Library\stm32f10x_cec.c                  0x00000000   Number         0  stm32f10x_cec.o ABSOLUTE
    Library\stm32f10x_crc.c                  0x00000000   Number         0  stm32f10x_crc.o ABSOLUTE
    Library\stm32f10x_dac.c                  0x00000000   Number         0  stm32f10x_dac.o ABSOLUTE
    Library\stm32f10x_dbgmcu.c               0x00000000   Number         0  stm32f10x_dbgmcu.o ABSOLUTE
    Library\stm32f10x_dma.c                  0x00000000   Number         0  stm32f10x_dma.o ABSOLUTE
    Library\stm32f10x_exti.c                 0x00000000   Number         0  stm32f10x_exti.o ABSOLUTE
    Library\stm32f10x_flash.c                0x00000000   Number         0  stm32f10x_flash.o ABSOLUTE
    Library\stm32f10x_fsmc.c                 0x00000000   Number         0  stm32f10x_fsmc.o ABSOLUTE
    Library\stm32f10x_gpio.c                 0x00000000   Number         0  stm32f10x_gpio.o ABSOLUTE
    Library\stm32f10x_i2c.c                  0x00000000   Number         0  stm32f10x_i2c.o ABSOLUTE
    Library\stm32f10x_iwdg.c                 0x00000000   Number         0  stm32f10x_iwdg.o ABSOLUTE
    Library\stm32f10x_pwr.c                  0x00000000   Number         0  stm32f10x_pwr.o ABSOLUTE
    Library\stm32f10x_rcc.c                  0x00000000   Number         0  stm32f10x_rcc.o ABSOLUTE
    Library\stm32f10x_rtc.c                  0x00000000   Number         0  stm32f10x_rtc.o ABSOLUTE
    Library\stm32f10x_sdio.c                 0x00000000   Number         0  stm32f10x_sdio.o ABSOLUTE
    Library\stm32f10x_spi.c                  0x00000000   Number         0  stm32f10x_spi.o ABSOLUTE
    Library\stm32f10x_tim.c                  0x00000000   Number         0  stm32f10x_tim.o ABSOLUTE
    Library\stm32f10x_usart.c                0x00000000   Number         0  stm32f10x_usart.o ABSOLUTE
    Library\stm32f10x_wwdg.c                 0x00000000   Number         0  stm32f10x_wwdg.o ABSOLUTE
    Start\\core_cm3.c                        0x00000000   Number         0  core_cm3.o ABSOLUTE
    Start\core_cm3.c                         0x00000000   Number         0  core_cm3.o ABSOLUTE
    Start\startup_stm32f10x_md.s             0x00000000   Number         0  startup_stm32f10x_md.o ABSOLUTE
    Start\system_stm32f10x.c                 0x00000000   Number         0  system_stm32f10x.o ABSOLUTE
    System\Dma\dma.c                         0x00000000   Number         0  dma.o ABSOLUTE
    System\Public\public.c                   0x00000000   Number         0  public.o ABSOLUTE
    System\Timer\Timer.c                     0x00000000   Number         0  timer.o ABSOLUTE
    System\adc\AD.c                          0x00000000   Number         0  ad.o ABSOLUTE
    System\delay\Delay.c                     0x00000000   Number         0  delay.o ABSOLUTE
    System\pwm_1\Pwm_1.c                     0x00000000   Number         0  pwm_1.o ABSOLUTE
    System\pwm_2\Pwm_2.c                     0x00000000   Number         0  pwm_2.o ABSOLUTE
    User\main.c                              0x00000000   Number         0  main.o ABSOLUTE
    User\pid\pid.c                           0x00000000   Number         0  pid.o ABSOLUTE
    User\stm32f10x_it.c                      0x00000000   Number         0  stm32f10x_it.o ABSOLUTE
    cdrcmple.s                               0x00000000   Number         0  cdrcmple.o ABSOLUTE
    cfcmple.s                                0x00000000   Number         0  cfcmple.o ABSOLUTE
    cfrcmple.s                               0x00000000   Number         0  cfrcmple.o ABSOLUTE
    dc.s                                     0x00000000   Number         0  dc.o ABSOLUTE
    handlers.s                               0x00000000   Number         0  handlers.o ABSOLUTE
    init.s                                   0x00000000   Number         0  init.o ABSOLUTE
    RESET                                    0x08000000   Section      236  startup_stm32f10x_md.o(RESET)
    .ARM.Collect$$$$00000000                 0x080000ec   Section        0  entry.o(.ARM.Collect$$$$00000000)
    .ARM.Collect$$$$00000001                 0x080000ec   Section        4  entry2.o(.ARM.Collect$$$$00000001)
    .ARM.Collect$$$$00000004                 0x080000f0   Section        4  entry5.o(.ARM.Collect$$$$00000004)
    .ARM.Collect$$$$00000008                 0x080000f4   Section        0  entry7b.o(.ARM.Collect$$$$00000008)
    .ARM.Collect$$$$0000000A                 0x080000f4   Section        0  entry8b.o(.ARM.Collect$$$$0000000A)
    .ARM.Collect$$$$0000000B                 0x080000f4   Section        8  entry9a.o(.ARM.Collect$$$$0000000B)
    .ARM.Collect$$$$0000000D                 0x080000fc   Section        0  entry10a.o(.ARM.Collect$$$$0000000D)
    .ARM.Collect$$$$0000000F                 0x080000fc   Section        0  entry11a.o(.ARM.Collect$$$$0000000F)
    .ARM.Collect$$$$00002712                 0x080000fc   Section        4  entry2.o(.ARM.Collect$$$$00002712)
    __lit__00000000                          0x080000fc   Data           4  entry2.o(.ARM.Collect$$$$00002712)
    .text                                    0x08000100   Section       36  startup_stm32f10x_md.o(.text)
    .text                                    0x08000124   Section        0  memseta.o(.text)
    .text                                    0x08000148   Section        0  fadd.o(.text)
    .text                                    0x080001f8   Section        0  fmul.o(.text)
    .text                                    0x0800025c   Section        0  fdiv.o(.text)
    .text                                    0x080002d8   Section        0  dadd.o(.text)
    .text                                    0x08000426   Section        0  dmul.o(.text)
    .text                                    0x0800050a   Section        0  ddiv.o(.text)
    .text                                    0x080005e8   Section        0  fflti.o(.text)
    .text                                    0x080005fa   Section        0  ffltui.o(.text)
    .text                                    0x08000604   Section        0  dflti.o(.text)
    .text                                    0x08000626   Section        0  ffixi.o(.text)
    .text                                    0x08000658   Section        0  ffixui.o(.text)
    .text                                    0x08000680   Section        0  dfixi.o(.text)
    .text                                    0x080006be   Section        0  f2d.o(.text)
    .text                                    0x080006e4   Section        0  d2f.o(.text)
    .text                                    0x0800071c   Section       20  cfcmple.o(.text)
    .text                                    0x08000730   Section       20  cfrcmple.o(.text)
    .text                                    0x08000744   Section        0  uidiv.o(.text)
    .text                                    0x08000770   Section        0  uldiv.o(.text)
    .text                                    0x080007d2   Section        0  llshl.o(.text)
    .text                                    0x080007f0   Section        0  llushr.o(.text)
    .text                                    0x08000810   Section        0  llsshr.o(.text)
    .text                                    0x08000834   Section        0  fepilogue.o(.text)
    .text                                    0x08000834   Section        0  iusefp.o(.text)
    .text                                    0x080008a2   Section        0  depilogue.o(.text)
    .text                                    0x0800095c   Section        0  dfixul.o(.text)
    .text                                    0x0800098c   Section       48  cdrcmple.o(.text)
    .text                                    0x080009bc   Section       36  init.o(.text)
    i.ADC_Cmd                                0x080009e0   Section        0  stm32f10x_adc.o(i.ADC_Cmd)
    i.ADC_DMACmd                             0x080009f6   Section        0  stm32f10x_adc.o(i.ADC_DMACmd)
    i.ADC_GetCalibrationStatus               0x08000a0c   Section        0  stm32f10x_adc.o(i.ADC_GetCalibrationStatus)
    i.ADC_GetResetCalibrationStatus          0x08000a20   Section        0  stm32f10x_adc.o(i.ADC_GetResetCalibrationStatus)
    i.ADC_Init                               0x08000a34   Section        0  stm32f10x_adc.o(i.ADC_Init)
    i.ADC_RegularChannelConfig               0x08000a84   Section        0  stm32f10x_adc.o(i.ADC_RegularChannelConfig)
    i.ADC_ResetCalibration                   0x08000b3c   Section        0  stm32f10x_adc.o(i.ADC_ResetCalibration)
    i.ADC_SoftwareStartConvCmd               0x08000b46   Section        0  stm32f10x_adc.o(i.ADC_SoftwareStartConvCmd)
    i.ADC_StartCalibration                   0x08000b5c   Section        0  stm32f10x_adc.o(i.ADC_StartCalibration)
    i.AD_Init                                0x08000b68   Section        0  ad.o(i.AD_Init)
    i.Beep_Init                              0x08000c74   Section        0  beep.o(i.Beep_Init)
    i.Beep_Times                             0x08000cbc   Section        0  beep.o(i.Beep_Times)
    i.BlueToothInit                          0x08000cfc   Section        0  bluetooth.o(i.BlueToothInit)
    i.BlueTooth_TransmitByte                 0x08000db0   Section        0  bluetooth.o(i.BlueTooth_TransmitByte)
    i.BlueTooth_TransmitPrintf               0x08000dd0   Section        0  bluetooth.o(i.BlueTooth_TransmitPrintf)
    i.BlueTooth_TransmitString               0x08000df4   Section        0  bluetooth.o(i.BlueTooth_TransmitString)
    i.BusFault_Handler                       0x08000e0e   Section        0  stm32f10x_it.o(i.BusFault_Handler)
    i.CLR_Buf                                0x08000e14   Section        0  usart.o(i.CLR_Buf)
    i.Cs100a_Init                            0x08000e30   Section        0  cs100a.o(i.Cs100a_Init)
    i.Cs100a_Start                           0x08000ecc   Section        0  cs100a.o(i.Cs100a_Start)
    i.DMA_Cmd                                0x08000ef4   Section        0  stm32f10x_dma.o(i.DMA_Cmd)
    i.DMA_Init                               0x08000f0c   Section        0  stm32f10x_dma.o(i.DMA_Init)
    i.Dc_Motor_Back                          0x08000f48   Section        0  dc_motor.o(i.Dc_Motor_Back)
    i.Dc_Motor_Emerg_Stop                    0x08000f6c   Section        0  dc_motor.o(i.Dc_Motor_Emerg_Stop)
    i.Dc_Motor_Go                            0x08000fd0   Section        0  dc_motor.o(i.Dc_Motor_Go)
    i.Dc_Motor_Init                          0x08000ff4   Section        0  dc_motor.o(i.Dc_Motor_Init)
    i.Dc_Motor_Move                          0x08001030   Section        0  dc_motor.o(i.Dc_Motor_Move)
    i.Dc_Motor_SetDuty                       0x08001108   Section        0  dc_motor.o(i.Dc_Motor_SetDuty)
    i.Dc_Motor_SetSpeed_PID                  0x08001134   Section        0  dc_motor.o(i.Dc_Motor_SetSpeed_PID)
    i.Dc_Motor_Stop                          0x08001240   Section        0  dc_motor.o(i.Dc_Motor_Stop)
    i.DebugMon_Handler                       0x08001278   Section        0  stm32f10x_it.o(i.DebugMon_Handler)
    i.EXTI15_10_IRQHandler                   0x0800127c   Section        0  main.o(i.EXTI15_10_IRQHandler)
    i.EXTI_ClearITPendingBit                 0x080012c0   Section        0  stm32f10x_exti.o(i.EXTI_ClearITPendingBit)
    i.EXTI_GetITStatus                       0x080012cc   Section        0  stm32f10x_exti.o(i.EXTI_GetITStatus)
    i.EXTI_Init                              0x080012f4   Section        0  stm32f10x_exti.o(i.EXTI_Init)
    i.Encoder_Get                            0x08001388   Section        0  dc_motor.o(i.Encoder_Get)
    i.Encoder_Init                           0x080013a4   Section        0  dc_motor.o(i.Encoder_Init)
    i.Fast_Turn_Left_90                      0x08001450   Section        0  servo_motor.o(i.Fast_Turn_Left_90)
    i.Fast_Turn_Right_90                     0x080014a8   Section        0  servo_motor.o(i.Fast_Turn_Right_90)
    i.GPIO_EXTILineConfig                    0x08001500   Section        0  stm32f10x_gpio.o(i.GPIO_EXTILineConfig)
    i.GPIO_Init                              0x08001540   Section        0  stm32f10x_gpio.o(i.GPIO_Init)
    i.GPIO_PinRemapConfig                    0x08001658   Section        0  stm32f10x_gpio.o(i.GPIO_PinRemapConfig)
    i.GPIO_ResetBits                         0x080016e8   Section        0  stm32f10x_gpio.o(i.GPIO_ResetBits)
    i.GPIO_SetBits                           0x080016ec   Section        0  stm32f10x_gpio.o(i.GPIO_SetBits)
    i.GPIO_WriteBit                          0x080016f0   Section        0  stm32f10x_gpio.o(i.GPIO_WriteBit)
    i.Get_BlueTooth_ReceivePackFlag          0x080016fc   Section        0  bluetooth.o(i.Get_BlueTooth_ReceivePackFlag)
    i.Get_Point_Pos                          0x08001718   Section        0  pca9685.o(i.Get_Point_Pos)
    i.HardFault_Handler                      0x08001780   Section        0  stm32f10x_it.o(i.HardFault_Handler)
    i.I2C_AcknowledgeConfig                  0x08001784   Section        0  stm32f10x_i2c.o(i.I2C_AcknowledgeConfig)
    i.I2C_CheckEvent                         0x0800179c   Section        0  stm32f10x_i2c.o(i.I2C_CheckEvent)
    i.I2C_Cmd                                0x080017c6   Section        0  stm32f10x_i2c.o(i.I2C_Cmd)
    i.I2C_GenerateSTART                      0x080017de   Section        0  stm32f10x_i2c.o(i.I2C_GenerateSTART)
    i.I2C_GenerateSTOP                       0x080017f6   Section        0  stm32f10x_i2c.o(i.I2C_GenerateSTOP)
    i.I2C_Init                               0x08001810   Section        0  stm32f10x_i2c.o(i.I2C_Init)
    i.I2C_ReceiveData                        0x080018fc   Section        0  stm32f10x_i2c.o(i.I2C_ReceiveData)
    i.I2C_Send7bitAddress                    0x08001904   Section        0  stm32f10x_i2c.o(i.I2C_Send7bitAddress)
    i.I2C_SendData                           0x08001916   Section        0  stm32f10x_i2c.o(i.I2C_SendData)
    i.Led_Init                               0x0800191c   Section        0  led.o(i.Led_Init)
    i.Led_Times                              0x08001964   Section        0  led.o(i.Led_Times)
    i.MPU6050_Init                           0x080019a4   Section        0  mpu6050.o(i.MPU6050_Init)
    i.MPU6050_WaitEvent                      0x08001a48   Section        0  mpu6050.o(i.MPU6050_WaitEvent)
    i.MPU6050_WriteReg                       0x08001a6c   Section        0  mpu6050.o(i.MPU6050_WriteReg)
    i.MemManage_Handler                      0x08001ad0   Section        0  stm32f10x_it.o(i.MemManage_Handler)
    i.NMI_Handler                            0x08001ad4   Section        0  stm32f10x_it.o(i.NMI_Handler)
    i.NVIC_Init                              0x08001ad8   Section        0  misc.o(i.NVIC_Init)
    i.NVIC_PriorityGroupConfig               0x08001b48   Section        0  misc.o(i.NVIC_PriorityGroupConfig)
    i.OLED_Clear                             0x08001b5c   Section        0  oled.o(i.OLED_Clear)
    i.OLED_I2C_Init                          0x08001b88   Section        0  oled.o(i.OLED_I2C_Init)
    i.OLED_I2C_SendByte                      0x08001bd4   Section        0  oled.o(i.OLED_I2C_SendByte)
    i.OLED_I2C_Start                         0x08001c24   Section        0  oled.o(i.OLED_I2C_Start)
    i.OLED_I2C_Stop                          0x08001c54   Section        0  oled.o(i.OLED_I2C_Stop)
    i.OLED_Init                              0x08001c7c   Section        0  oled.o(i.OLED_Init)
    i.OLED_Pow                               0x08001d2a   Section        0  oled.o(i.OLED_Pow)
    i.OLED_SetCursor                         0x08001d3e   Section        0  oled.o(i.OLED_SetCursor)
    i.OLED_ShowChar                          0x08001d60   Section        0  oled.o(i.OLED_ShowChar)
    i.OLED_ShowNum                           0x08001dd4   Section        0  oled.o(i.OLED_ShowNum)
    i.OLED_ShowString                        0x08001e18   Section        0  oled.o(i.OLED_ShowString)
    i.OLED_WriteCommand                      0x08001e40   Section        0  oled.o(i.OLED_WriteCommand)
    i.OLED_WriteData                         0x08001e60   Section        0  oled.o(i.OLED_WriteData)
    i.PCA9685_Init                           0x08001e80   Section        0  pca9685.o(i.PCA9685_Init)
    i.PCA9685_ReadReg                        0x08001f2c   Section        0  pca9685.o(i.PCA9685_ReadReg)
    i.PCA9685_SetPwm                         0x08001fc4   Section        0  pca9685.o(i.PCA9685_SetPwm)
    i.PCA9685_SetPwmFreq                     0x08002004   Section        0  pca9685.o(i.PCA9685_SetPwmFreq)
    i.PCA9685_WaitEvent                      0x080020a4   Section        0  pca9685.o(i.PCA9685_WaitEvent)
    i.PCA9685_WriteReg                       0x080020c8   Section        0  pca9685.o(i.PCA9685_WriteReg)
    i.PWM_Init                               0x0800212c   Section        0  pwm_2.o(i.PWM_Init)
    i.PendSV_Handler                         0x080021cc   Section        0  stm32f10x_it.o(i.PendSV_Handler)
    i.Pid_Control                            0x080021d0   Section        0  pid.o(i.Pid_Control)
    i.RCC_ADCCLKConfig                       0x080022a8   Section        0  stm32f10x_rcc.o(i.RCC_ADCCLKConfig)
    i.RCC_AHBPeriphClockCmd                  0x080022c0   Section        0  stm32f10x_rcc.o(i.RCC_AHBPeriphClockCmd)
    i.RCC_APB1PeriphClockCmd                 0x080022e0   Section        0  stm32f10x_rcc.o(i.RCC_APB1PeriphClockCmd)
    i.RCC_APB2PeriphClockCmd                 0x08002300   Section        0  stm32f10x_rcc.o(i.RCC_APB2PeriphClockCmd)
    i.RCC_GetClocksFreq                      0x08002320   Section        0  stm32f10x_rcc.o(i.RCC_GetClocksFreq)
    i.Ray_Init                               0x080023f4   Section        0  ray.o(i.Ray_Init)
    i.SVC_Handler                            0x08002438   Section        0  stm32f10x_it.o(i.SVC_Handler)
    i.SetSysClock                            0x0800243a   Section        0  system_stm32f10x.o(i.SetSysClock)
    SetSysClock                              0x0800243b   Thumb Code     8  system_stm32f10x.o(i.SetSysClock)
    i.SetSysClockTo72                        0x08002444   Section        0  system_stm32f10x.o(i.SetSysClockTo72)
    SetSysClockTo72                          0x08002445   Thumb Code   214  system_stm32f10x.o(i.SetSysClockTo72)
    i.Set_Angle                              0x08002524   Section        0  servo_motor.o(i.Set_Angle)
    i.Set_Angle_Vert                         0x08002594   Section        0  pca9685.o(i.Set_Angle_Vert)
    i.Show_DC_Motor_State                    0x080025fc   Section        0  dc_motor.o(i.Show_DC_Motor_State)
    i.Show_Distance                          0x08002674   Section        0  cs100a.o(i.Show_Distance)
    i.Show_Voltage_State                     0x080026e0   Section        0  ad.o(i.Show_Voltage_State)
    i.Speed_Get                              0x080027a4   Section        0  dc_motor.o(i.Speed_Get)
    i.SysTick_Handler                        0x080027e4   Section        0  stm32f10x_it.o(i.SysTick_Handler)
    i.SystemInit                             0x080027e8   Section        0  system_stm32f10x.o(i.SystemInit)
    i.TI1_Config                             0x08002848   Section        0  stm32f10x_tim.o(i.TI1_Config)
    TI1_Config                               0x08002849   Thumb Code   108  stm32f10x_tim.o(i.TI1_Config)
    i.TI2_Config                             0x080028c8   Section        0  stm32f10x_tim.o(i.TI2_Config)
    TI2_Config                               0x080028c9   Thumb Code   130  stm32f10x_tim.o(i.TI2_Config)
    i.TI3_Config                             0x08002960   Section        0  stm32f10x_tim.o(i.TI3_Config)
    TI3_Config                               0x08002961   Thumb Code   122  stm32f10x_tim.o(i.TI3_Config)
    i.TI4_Config                             0x080029f0   Section        0  stm32f10x_tim.o(i.TI4_Config)
    TI4_Config                               0x080029f1   Thumb Code   130  stm32f10x_tim.o(i.TI4_Config)
    i.TIM1_PWM_Init                          0x08002a88   Section        0  pwm_1.o(i.TIM1_PWM_Init)
    i.TIM2_IRQHandler                        0x08002b2c   Section        0  main.o(i.TIM2_IRQHandler)
    i.TIM_ARRPreloadConfig                   0x08002bc4   Section        0  stm32f10x_tim.o(i.TIM_ARRPreloadConfig)
    i.TIM_ClearFlag                          0x08002bdc   Section        0  stm32f10x_tim.o(i.TIM_ClearFlag)
    i.TIM_ClearITPendingBit                  0x08002be2   Section        0  stm32f10x_tim.o(i.TIM_ClearITPendingBit)
    i.TIM_Cmd                                0x08002be8   Section        0  stm32f10x_tim.o(i.TIM_Cmd)
    i.TIM_CtrlPWMOutputs                     0x08002c00   Section        0  stm32f10x_tim.o(i.TIM_CtrlPWMOutputs)
    i.TIM_EncoderInterfaceConfig             0x08002c1e   Section        0  stm32f10x_tim.o(i.TIM_EncoderInterfaceConfig)
    i.TIM_GetCapture1                        0x08002c60   Section        0  stm32f10x_tim.o(i.TIM_GetCapture1)
    i.TIM_GetCounter                         0x08002c66   Section        0  stm32f10x_tim.o(i.TIM_GetCounter)
    i.TIM_GetITStatus                        0x08002c6c   Section        0  stm32f10x_tim.o(i.TIM_GetITStatus)
    i.TIM_ICInit                             0x08002c90   Section        0  stm32f10x_tim.o(i.TIM_ICInit)
    i.TIM_ICStructInit                       0x08002d3c   Section        0  stm32f10x_tim.o(i.TIM_ICStructInit)
    i.TIM_ITConfig                           0x08002d4e   Section        0  stm32f10x_tim.o(i.TIM_ITConfig)
    i.TIM_InternalClockConfig                0x08002d60   Section        0  stm32f10x_tim.o(i.TIM_InternalClockConfig)
    i.TIM_OC1Init                            0x08002d6c   Section        0  stm32f10x_tim.o(i.TIM_OC1Init)
    i.TIM_OC1PreloadConfig                   0x08002e04   Section        0  stm32f10x_tim.o(i.TIM_OC1PreloadConfig)
    i.TIM_OC2Init                            0x08002e18   Section        0  stm32f10x_tim.o(i.TIM_OC2Init)
    i.TIM_OCStructInit                       0x08002ebc   Section        0  stm32f10x_tim.o(i.TIM_OCStructInit)
    i.TIM_SetCompare1                        0x08002ed0   Section        0  stm32f10x_tim.o(i.TIM_SetCompare1)
    i.TIM_SetCompare2                        0x08002ed4   Section        0  stm32f10x_tim.o(i.TIM_SetCompare2)
    i.TIM_SetCounter                         0x08002ed8   Section        0  stm32f10x_tim.o(i.TIM_SetCounter)
    i.TIM_SetIC1Prescaler                    0x08002edc   Section        0  stm32f10x_tim.o(i.TIM_SetIC1Prescaler)
    i.TIM_SetIC2Prescaler                    0x08002eee   Section        0  stm32f10x_tim.o(i.TIM_SetIC2Prescaler)
    i.TIM_SetIC3Prescaler                    0x08002f08   Section        0  stm32f10x_tim.o(i.TIM_SetIC3Prescaler)
    i.TIM_SetIC4Prescaler                    0x08002f1a   Section        0  stm32f10x_tim.o(i.TIM_SetIC4Prescaler)
    i.TIM_TimeBaseInit                       0x08002f34   Section        0  stm32f10x_tim.o(i.TIM_TimeBaseInit)
    i.TIM_TimeBaseStructInit                 0x08002fd8   Section        0  stm32f10x_tim.o(i.TIM_TimeBaseStructInit)
    i.Timer_Init                             0x08002fea   Section        0  timer.o(i.Timer_Init)
    i.Turn_Left_90                           0x08003068   Section        0  servo_motor.o(i.Turn_Left_90)
    i.Turn_Right_90                          0x08003098   Section        0  servo_motor.o(i.Turn_Right_90)
    i.USART1_IRQHandler                      0x080030c8   Section        0  usart.o(i.USART1_IRQHandler)
    i.USART2_IRQHandler                      0x0800316c   Section        0  bluetooth.o(i.USART2_IRQHandler)
    i.USART_Cmd                              0x08003204   Section        0  stm32f10x_usart.o(i.USART_Cmd)
    i.USART_GetFlagStatus                    0x0800321c   Section        0  stm32f10x_usart.o(i.USART_GetFlagStatus)
    i.USART_GetITStatus                      0x08003236   Section        0  stm32f10x_usart.o(i.USART_GetITStatus)
    i.USART_ITConfig                         0x0800328a   Section        0  stm32f10x_usart.o(i.USART_ITConfig)
    i.USART_Init                             0x080032d4   Section        0  stm32f10x_usart.o(i.USART_Init)
    i.USART_ReceiveData                      0x080033ac   Section        0  stm32f10x_usart.o(i.USART_ReceiveData)
    i.USART_SendData                         0x080033b6   Section        0  stm32f10x_usart.o(i.USART_SendData)
    i.UsageFault_Handler                     0x080033be   Section        0  stm32f10x_it.o(i.UsageFault_Handler)
    i.__0vsprintf                            0x080033c4   Section        0  printfa.o(i.__0vsprintf)
    i.__scatterload_copy                     0x080033e8   Section       14  handlers.o(i.__scatterload_copy)
    i.__scatterload_null                     0x080033f6   Section        2  handlers.o(i.__scatterload_null)
    i.__scatterload_zeroinit                 0x080033f8   Section       14  handlers.o(i.__scatterload_zeroinit)
    i._fp_digits                             0x08003408   Section        0  printfa.o(i._fp_digits)
    _fp_digits                               0x08003409   Thumb Code   366  printfa.o(i._fp_digits)
    i._printf_core                           0x0800358c   Section        0  printfa.o(i._printf_core)
    _printf_core                             0x0800358d   Thumb Code  1744  printfa.o(i._printf_core)
    i._printf_post_padding                   0x08003c68   Section        0  printfa.o(i._printf_post_padding)
    _printf_post_padding                     0x08003c69   Thumb Code    36  printfa.o(i._printf_post_padding)
    i._printf_pre_padding                    0x08003c8c   Section        0  printfa.o(i._printf_pre_padding)
    _printf_pre_padding                      0x08003c8d   Thumb Code    46  printfa.o(i._printf_pre_padding)
    i._sputc                                 0x08003cba   Section        0  printfa.o(i._sputc)
    _sputc                                   0x08003cbb   Thumb Code    10  printfa.o(i._sputc)
    i.delay_ms                               0x08003cc4   Section        0  public.o(i.delay_ms)
    i.delay_us                               0x08003cdc   Section        0  public.o(i.delay_us)
    i.floor                                  0x08003d28   Section        0  floor.o(i.floor)
    i.main                                   0x08003e04   Section        0  main.o(i.main)
    i.uart_init                              0x08003f9c   Section        0  usart.o(i.uart_init)
    .constdata                               0x08004040   Section     1520  oled.o(.constdata)
    .data                                    0x20000000   Section       20  stm32f10x_rcc.o(.data)
    APBAHBPrescTable                         0x20000000   Data          16  stm32f10x_rcc.o(.data)
    ADCPrescTable                            0x20000010   Data           4  stm32f10x_rcc.o(.data)
    .data                                    0x20000014   Section       12  ad.o(.data)
    .data                                    0x20000020   Section       10  bluetooth.o(.data)
    BlueTooth_RxPackState                    0x20000026   Data           2  bluetooth.o(.data)
    BlueTooth_RxPackPoint                    0x20000028   Data           2  bluetooth.o(.data)
    .data                                    0x2000002c   Section       40  dc_motor.o(.data)
    .data                                    0x20000054   Section        8  cs100a.o(.data)
    .data                                    0x2000005c   Section       12  usart.o(.data)
    RxPackState                              0x20000062   Data           2  usart.o(.data)
    RxPackPoint                              0x20000064   Data           2  usart.o(.data)
    Cmd_Point                                0x20000066   Data           2  usart.o(.data)
    .data                                    0x20000068   Section       32  ray.o(.data)
    .data                                    0x20000088   Section       80  pca9685.o(.data)
    .data                                    0x200000d8   Section       24  main.o(.data)
    temp                                     0x200000ec   Data           4  main.o(.data)
    .data                                    0x200000f0   Section       12  pid.o(.data)
    Error_k                                  0x200000f0   Data           4  pid.o(.data)
    Error_k1                                 0x200000f4   Data           4  pid.o(.data)
    Error_k2                                 0x200000f8   Data           4  pid.o(.data)
    .bss                                     0x200000fc   Section       64  usart.o(.bss)
    STACK                                    0x20000140   Section     1024  startup_stm32f10x_md.o(STACK)

    Global Symbols

    Symbol Name                              Value     Ov Type        Size  Object(Section)

    BuildAttributes$$THM_ISAv4$P$D$K$B$S$PE$A:L22UL41UL21$X:L11$S22US41US21$IEEE1$IW$USESV6$~STKCKD$USESV7$~SHL$OTIME$ROPI$IEEEJ$EBA8$MICROLIB$REQ8$PRES8$EABIv2 0x00000000   Number         0  anon$$obj.o ABSOLUTE
    __ARM_use_no_argv                        0x00000000   Number         0  main.o ABSOLUTE
    __cpp_initialize__aeabi_                  - Undefined Weak Reference
    __cxa_finalize                            - Undefined Weak Reference
    __decompress                              - Undefined Weak Reference
    _clock_init                               - Undefined Weak Reference
    _microlib_exit                            - Undefined Weak Reference
    __Vectors_Size                           0x000000ec   Number         0  startup_stm32f10x_md.o ABSOLUTE
    __Vectors                                0x08000000   Data           4  startup_stm32f10x_md.o(RESET)
    __Vectors_End                            0x080000ec   Data           0  startup_stm32f10x_md.o(RESET)
    __main                                   0x080000ed   Thumb Code     0  entry.o(.ARM.Collect$$$$00000000)
    _main_stk                                0x080000ed   Thumb Code     0  entry2.o(.ARM.Collect$$$$00000001)
    _main_scatterload                        0x080000f1   Thumb Code     0  entry5.o(.ARM.Collect$$$$00000004)
    __main_after_scatterload                 0x080000f5   Thumb Code     0  entry5.o(.ARM.Collect$$$$00000004)
    _main_clock                              0x080000f5   Thumb Code     0  entry7b.o(.ARM.Collect$$$$00000008)
    _main_cpp_init                           0x080000f5   Thumb Code     0  entry8b.o(.ARM.Collect$$$$0000000A)
    _main_init                               0x080000f5   Thumb Code     0  entry9a.o(.ARM.Collect$$$$0000000B)
    __rt_final_cpp                           0x080000fd   Thumb Code     0  entry10a.o(.ARM.Collect$$$$0000000D)
    __rt_final_exit                          0x080000fd   Thumb Code     0  entry11a.o(.ARM.Collect$$$$0000000F)
    Reset_Handler                            0x08000101   Thumb Code     8  startup_stm32f10x_md.o(.text)
    ADC1_2_IRQHandler                        0x0800011b   Thumb Code     0  startup_stm32f10x_md.o(.text)
    CAN1_RX1_IRQHandler                      0x0800011b   Thumb Code     0  startup_stm32f10x_md.o(.text)
    CAN1_SCE_IRQHandler                      0x0800011b   Thumb Code     0  startup_stm32f10x_md.o(.text)
    DMA1_Channel1_IRQHandler                 0x0800011b   Thumb Code     0  startup_stm32f10x_md.o(.text)
    DMA1_Channel2_IRQHandler                 0x0800011b   Thumb Code     0  startup_stm32f10x_md.o(.text)
    DMA1_Channel3_IRQHandler                 0x0800011b   Thumb Code     0  startup_stm32f10x_md.o(.text)
    DMA1_Channel4_IRQHandler                 0x0800011b   Thumb Code     0  startup_stm32f10x_md.o(.text)
    DMA1_Channel5_IRQHandler                 0x0800011b   Thumb Code     0  startup_stm32f10x_md.o(.text)
    DMA1_Channel6_IRQHandler                 0x0800011b   Thumb Code     0  startup_stm32f10x_md.o(.text)
    DMA1_Channel7_IRQHandler                 0x0800011b   Thumb Code     0  startup_stm32f10x_md.o(.text)
    EXTI0_IRQHandler                         0x0800011b   Thumb Code     0  startup_stm32f10x_md.o(.text)
    EXTI1_IRQHandler                         0x0800011b   Thumb Code     0  startup_stm32f10x_md.o(.text)
    EXTI2_IRQHandler                         0x0800011b   Thumb Code     0  startup_stm32f10x_md.o(.text)
    EXTI3_IRQHandler                         0x0800011b   Thumb Code     0  startup_stm32f10x_md.o(.text)
    EXTI4_IRQHandler                         0x0800011b   Thumb Code     0  startup_stm32f10x_md.o(.text)
    EXTI9_5_IRQHandler                       0x0800011b   Thumb Code     0  startup_stm32f10x_md.o(.text)
    FLASH_IRQHandler                         0x0800011b   Thumb Code     0  startup_stm32f10x_md.o(.text)
    I2C1_ER_IRQHandler                       0x0800011b   Thumb Code     0  startup_stm32f10x_md.o(.text)
    I2C1_EV_IRQHandler                       0x0800011b   Thumb Code     0  startup_stm32f10x_md.o(.text)
    I2C2_ER_IRQHandler                       0x0800011b   Thumb Code     0  startup_stm32f10x_md.o(.text)
    I2C2_EV_IRQHandler                       0x0800011b   Thumb Code     0  startup_stm32f10x_md.o(.text)
    PVD_IRQHandler                           0x0800011b   Thumb Code     0  startup_stm32f10x_md.o(.text)
    RCC_IRQHandler                           0x0800011b   Thumb Code     0  startup_stm32f10x_md.o(.text)
    RTCAlarm_IRQHandler                      0x0800011b   Thumb Code     0  startup_stm32f10x_md.o(.text)
    RTC_IRQHandler                           0x0800011b   Thumb Code     0  startup_stm32f10x_md.o(.text)
    SPI1_IRQHandler                          0x0800011b   Thumb Code     0  startup_stm32f10x_md.o(.text)
    SPI2_IRQHandler                          0x0800011b   Thumb Code     0  startup_stm32f10x_md.o(.text)
    TAMPER_IRQHandler                        0x0800011b   Thumb Code     0  startup_stm32f10x_md.o(.text)
    TIM1_BRK_IRQHandler                      0x0800011b   Thumb Code     0  startup_stm32f10x_md.o(.text)
    TIM1_CC_IRQHandler                       0x0800011b   Thumb Code     0  startup_stm32f10x_md.o(.text)
    TIM1_TRG_COM_IRQHandler                  0x0800011b   Thumb Code     0  startup_stm32f10x_md.o(.text)
    TIM1_UP_IRQHandler                       0x0800011b   Thumb Code     0  startup_stm32f10x_md.o(.text)
    TIM3_IRQHandler                          0x0800011b   Thumb Code     0  startup_stm32f10x_md.o(.text)
    TIM4_IRQHandler                          0x0800011b   Thumb Code     0  startup_stm32f10x_md.o(.text)
    USART3_IRQHandler                        0x0800011b   Thumb Code     0  startup_stm32f10x_md.o(.text)
    USBWakeUp_IRQHandler                     0x0800011b   Thumb Code     0  startup_stm32f10x_md.o(.text)
    USB_HP_CAN1_TX_IRQHandler                0x0800011b   Thumb Code     0  startup_stm32f10x_md.o(.text)
    USB_LP_CAN1_RX0_IRQHandler               0x0800011b   Thumb Code     0  startup_stm32f10x_md.o(.text)
    WWDG_IRQHandler                          0x0800011b   Thumb Code     0  startup_stm32f10x_md.o(.text)
    __aeabi_memset                           0x08000125   Thumb Code    14  memseta.o(.text)
    __aeabi_memset4                          0x08000125   Thumb Code     0  memseta.o(.text)
    __aeabi_memset8                          0x08000125   Thumb Code     0  memseta.o(.text)
    __aeabi_memclr                           0x08000133   Thumb Code     4  memseta.o(.text)
    __aeabi_memclr4                          0x08000133   Thumb Code     0  memseta.o(.text)
    __aeabi_memclr8                          0x08000133   Thumb Code     0  memseta.o(.text)
    _memset$wrapper                          0x08000137   Thumb Code    18  memseta.o(.text)
    __aeabi_fadd                             0x08000149   Thumb Code   164  fadd.o(.text)
    __aeabi_fsub                             0x080001ed   Thumb Code     6  fadd.o(.text)
    __aeabi_frsub                            0x080001f3   Thumb Code     6  fadd.o(.text)
    __aeabi_fmul                             0x080001f9   Thumb Code   100  fmul.o(.text)
    __aeabi_fdiv                             0x0800025d   Thumb Code   124  fdiv.o(.text)
    __aeabi_dadd                             0x080002d9   Thumb Code   322  dadd.o(.text)
    __aeabi_dsub                             0x0800041b   Thumb Code     6  dadd.o(.text)
    __aeabi_drsub                            0x08000421   Thumb Code     6  dadd.o(.text)
    __aeabi_dmul                             0x08000427   Thumb Code   228  dmul.o(.text)
    __aeabi_ddiv                             0x0800050b   Thumb Code   222  ddiv.o(.text)
    __aeabi_i2f                              0x080005e9   Thumb Code    18  fflti.o(.text)
    __aeabi_ui2f                             0x080005fb   Thumb Code    10  ffltui.o(.text)
    __aeabi_i2d                              0x08000605   Thumb Code    34  dflti.o(.text)
    __aeabi_f2iz                             0x08000627   Thumb Code    50  ffixi.o(.text)
    __aeabi_f2uiz                            0x08000659   Thumb Code    40  ffixui.o(.text)
    __aeabi_d2iz                             0x08000681   Thumb Code    62  dfixi.o(.text)
    __aeabi_f2d                              0x080006bf   Thumb Code    38  f2d.o(.text)
    __aeabi_d2f                              0x080006e5   Thumb Code    56  d2f.o(.text)
    __aeabi_cfcmpeq                          0x0800071d   Thumb Code     0  cfcmple.o(.text)
    __aeabi_cfcmple                          0x0800071d   Thumb Code    20  cfcmple.o(.text)
    __aeabi_cfrcmple                         0x08000731   Thumb Code    20  cfrcmple.o(.text)
    __aeabi_uidiv                            0x08000745   Thumb Code     0  uidiv.o(.text)
    __aeabi_uidivmod                         0x08000745   Thumb Code    44  uidiv.o(.text)
    __aeabi_uldivmod                         0x08000771   Thumb Code    98  uldiv.o(.text)
    __aeabi_llsl                             0x080007d3   Thumb Code    30  llshl.o(.text)
    _ll_shift_l                              0x080007d3   Thumb Code     0  llshl.o(.text)
    __aeabi_llsr                             0x080007f1   Thumb Code    32  llushr.o(.text)
    _ll_ushift_r                             0x080007f1   Thumb Code     0  llushr.o(.text)
    __aeabi_lasr                             0x08000811   Thumb Code    36  llsshr.o(.text)
    _ll_sshift_r                             0x08000811   Thumb Code     0  llsshr.o(.text)
    __I$use$fp                               0x08000835   Thumb Code     0  iusefp.o(.text)
    _float_round                             0x08000835   Thumb Code    18  fepilogue.o(.text)
    _float_epilogue                          0x08000847   Thumb Code    92  fepilogue.o(.text)
    _double_round                            0x080008a3   Thumb Code    30  depilogue.o(.text)
    _double_epilogue                         0x080008c1   Thumb Code   156  depilogue.o(.text)
    __aeabi_d2ulz                            0x0800095d   Thumb Code    48  dfixul.o(.text)
    __aeabi_cdrcmple                         0x0800098d   Thumb Code    48  cdrcmple.o(.text)
    __scatterload                            0x080009bd   Thumb Code    28  init.o(.text)
    __scatterload_rt2                        0x080009bd   Thumb Code     0  init.o(.text)
    ADC_Cmd                                  0x080009e1   Thumb Code    22  stm32f10x_adc.o(i.ADC_Cmd)
    ADC_DMACmd                               0x080009f7   Thumb Code    22  stm32f10x_adc.o(i.ADC_DMACmd)
    ADC_GetCalibrationStatus                 0x08000a0d   Thumb Code    20  stm32f10x_adc.o(i.ADC_GetCalibrationStatus)
    ADC_GetResetCalibrationStatus            0x08000a21   Thumb Code    20  stm32f10x_adc.o(i.ADC_GetResetCalibrationStatus)
    ADC_Init                                 0x08000a35   Thumb Code    70  stm32f10x_adc.o(i.ADC_Init)
    ADC_RegularChannelConfig                 0x08000a85   Thumb Code   184  stm32f10x_adc.o(i.ADC_RegularChannelConfig)
    ADC_ResetCalibration                     0x08000b3d   Thumb Code    10  stm32f10x_adc.o(i.ADC_ResetCalibration)
    ADC_SoftwareStartConvCmd                 0x08000b47   Thumb Code    22  stm32f10x_adc.o(i.ADC_SoftwareStartConvCmd)
    ADC_StartCalibration                     0x08000b5d   Thumb Code    10  stm32f10x_adc.o(i.ADC_StartCalibration)
    AD_Init                                  0x08000b69   Thumb Code   252  ad.o(i.AD_Init)
    Beep_Init                                0x08000c75   Thumb Code    66  beep.o(i.Beep_Init)
    Beep_Times                               0x08000cbd   Thumb Code    58  beep.o(i.Beep_Times)
    BlueToothInit                            0x08000cfd   Thumb Code   172  bluetooth.o(i.BlueToothInit)
    BlueTooth_TransmitByte                   0x08000db1   Thumb Code    28  bluetooth.o(i.BlueTooth_TransmitByte)
    BlueTooth_TransmitPrintf                 0x08000dd1   Thumb Code    36  bluetooth.o(i.BlueTooth_TransmitPrintf)
    BlueTooth_TransmitString                 0x08000df5   Thumb Code    26  bluetooth.o(i.BlueTooth_TransmitString)
    BusFault_Handler                         0x08000e0f   Thumb Code     4  stm32f10x_it.o(i.BusFault_Handler)
    CLR_Buf                                  0x08000e15   Thumb Code    18  usart.o(i.CLR_Buf)
    Cs100a_Init                              0x08000e31   Thumb Code   150  cs100a.o(i.Cs100a_Init)
    Cs100a_Start                             0x08000ecd   Thumb Code    36  cs100a.o(i.Cs100a_Start)
    DMA_Cmd                                  0x08000ef5   Thumb Code    24  stm32f10x_dma.o(i.DMA_Cmd)
    DMA_Init                                 0x08000f0d   Thumb Code    60  stm32f10x_dma.o(i.DMA_Init)
    Dc_Motor_Back                            0x08000f49   Thumb Code    28  dc_motor.o(i.Dc_Motor_Back)
    Dc_Motor_Emerg_Stop                      0x08000f6d   Thumb Code    88  dc_motor.o(i.Dc_Motor_Emerg_Stop)
    Dc_Motor_Go                              0x08000fd1   Thumb Code    26  dc_motor.o(i.Dc_Motor_Go)
    Dc_Motor_Init                            0x08000ff5   Thumb Code    50  dc_motor.o(i.Dc_Motor_Init)
    Dc_Motor_Move                            0x08001031   Thumb Code   184  dc_motor.o(i.Dc_Motor_Move)
    Dc_Motor_SetDuty                         0x08001109   Thumb Code    40  dc_motor.o(i.Dc_Motor_SetDuty)
    Dc_Motor_SetSpeed_PID                    0x08001135   Thumb Code   232  dc_motor.o(i.Dc_Motor_SetSpeed_PID)
    Dc_Motor_Stop                            0x08001241   Thumb Code    42  dc_motor.o(i.Dc_Motor_Stop)
    DebugMon_Handler                         0x08001279   Thumb Code     2  stm32f10x_it.o(i.DebugMon_Handler)
    EXTI15_10_IRQHandler                     0x0800127d   Thumb Code    60  main.o(i.EXTI15_10_IRQHandler)
    EXTI_ClearITPendingBit                   0x080012c1   Thumb Code     6  stm32f10x_exti.o(i.EXTI_ClearITPendingBit)
    EXTI_GetITStatus                         0x080012cd   Thumb Code    34  stm32f10x_exti.o(i.EXTI_GetITStatus)
    EXTI_Init                                0x080012f5   Thumb Code   142  stm32f10x_exti.o(i.EXTI_Init)
    Encoder_Get                              0x08001389   Thumb Code    22  dc_motor.o(i.Encoder_Get)
    Encoder_Init                             0x080013a5   Thumb Code   162  dc_motor.o(i.Encoder_Init)
    Fast_Turn_Left_90                        0x08001451   Thumb Code    70  servo_motor.o(i.Fast_Turn_Left_90)
    Fast_Turn_Right_90                       0x080014a9   Thumb Code    70  servo_motor.o(i.Fast_Turn_Right_90)
    GPIO_EXTILineConfig                      0x08001501   Thumb Code    60  stm32f10x_gpio.o(i.GPIO_EXTILineConfig)
    GPIO_Init                                0x08001541   Thumb Code   278  stm32f10x_gpio.o(i.GPIO_Init)
    GPIO_PinRemapConfig                      0x08001659   Thumb Code   138  stm32f10x_gpio.o(i.GPIO_PinRemapConfig)
    GPIO_ResetBits                           0x080016e9   Thumb Code     4  stm32f10x_gpio.o(i.GPIO_ResetBits)
    GPIO_SetBits                             0x080016ed   Thumb Code     4  stm32f10x_gpio.o(i.GPIO_SetBits)
    GPIO_WriteBit                            0x080016f1   Thumb Code    10  stm32f10x_gpio.o(i.GPIO_WriteBit)
    Get_BlueTooth_ReceivePackFlag            0x080016fd   Thumb Code    22  bluetooth.o(i.Get_BlueTooth_ReceivePackFlag)
    Get_Point_Pos                            0x08001719   Thumb Code    90  pca9685.o(i.Get_Point_Pos)
    HardFault_Handler                        0x08001781   Thumb Code     4  stm32f10x_it.o(i.HardFault_Handler)
    I2C_AcknowledgeConfig                    0x08001785   Thumb Code    24  stm32f10x_i2c.o(i.I2C_AcknowledgeConfig)
    I2C_CheckEvent                           0x0800179d   Thumb Code    42  stm32f10x_i2c.o(i.I2C_CheckEvent)
    I2C_Cmd                                  0x080017c7   Thumb Code    24  stm32f10x_i2c.o(i.I2C_Cmd)
    I2C_GenerateSTART                        0x080017df   Thumb Code    24  stm32f10x_i2c.o(i.I2C_GenerateSTART)
    I2C_GenerateSTOP                         0x080017f7   Thumb Code    24  stm32f10x_i2c.o(i.I2C_GenerateSTOP)
    I2C_Init                                 0x08001811   Thumb Code   222  stm32f10x_i2c.o(i.I2C_Init)
    I2C_ReceiveData                          0x080018fd   Thumb Code     8  stm32f10x_i2c.o(i.I2C_ReceiveData)
    I2C_Send7bitAddress                      0x08001905   Thumb Code    18  stm32f10x_i2c.o(i.I2C_Send7bitAddress)
    I2C_SendData                             0x08001917   Thumb Code     4  stm32f10x_i2c.o(i.I2C_SendData)
    Led_Init                                 0x0800191d   Thumb Code    66  led.o(i.Led_Init)
    Led_Times                                0x08001965   Thumb Code    58  led.o(i.Led_Times)
    MPU6050_Init                             0x080019a5   Thumb Code   156  mpu6050.o(i.MPU6050_Init)
    MPU6050_WaitEvent                        0x08001a49   Thumb Code    34  mpu6050.o(i.MPU6050_WaitEvent)
    MPU6050_WriteReg                         0x08001a6d   Thumb Code    86  mpu6050.o(i.MPU6050_WriteReg)
    MemManage_Handler                        0x08001ad1   Thumb Code     4  stm32f10x_it.o(i.MemManage_Handler)
    NMI_Handler                              0x08001ad5   Thumb Code     2  stm32f10x_it.o(i.NMI_Handler)
    NVIC_Init                                0x08001ad9   Thumb Code   100  misc.o(i.NVIC_Init)
    NVIC_PriorityGroupConfig                 0x08001b49   Thumb Code    10  misc.o(i.NVIC_PriorityGroupConfig)
    OLED_Clear                               0x08001b5d   Thumb Code    42  oled.o(i.OLED_Clear)
    OLED_I2C_Init                            0x08001b89   Thumb Code    72  oled.o(i.OLED_I2C_Init)
    OLED_I2C_SendByte                        0x08001bd5   Thumb Code    74  oled.o(i.OLED_I2C_SendByte)
    OLED_I2C_Start                           0x08001c25   Thumb Code    44  oled.o(i.OLED_I2C_Start)
    OLED_I2C_Stop                            0x08001c55   Thumb Code    34  oled.o(i.OLED_I2C_Stop)
    OLED_Init                                0x08001c7d   Thumb Code   174  oled.o(i.OLED_Init)
    OLED_Pow                                 0x08001d2b   Thumb Code    20  oled.o(i.OLED_Pow)
    OLED_SetCursor                           0x08001d3f   Thumb Code    34  oled.o(i.OLED_SetCursor)
    OLED_ShowChar                            0x08001d61   Thumb Code   110  oled.o(i.OLED_ShowChar)
    OLED_ShowNum                             0x08001dd5   Thumb Code    68  oled.o(i.OLED_ShowNum)
    OLED_ShowString                          0x08001e19   Thumb Code    40  oled.o(i.OLED_ShowString)
    OLED_WriteCommand                        0x08001e41   Thumb Code    32  oled.o(i.OLED_WriteCommand)
    OLED_WriteData                           0x08001e61   Thumb Code    32  oled.o(i.OLED_WriteData)
    PCA9685_Init                             0x08001e81   Thumb Code   160  pca9685.o(i.PCA9685_Init)
    PCA9685_ReadReg                          0x08001f2d   Thumb Code   138  pca9685.o(i.PCA9685_ReadReg)
    PCA9685_SetPwm                           0x08001fc5   Thumb Code    62  pca9685.o(i.PCA9685_SetPwm)
    PCA9685_SetPwmFreq                       0x08002005   Thumb Code   152  pca9685.o(i.PCA9685_SetPwmFreq)
    PCA9685_WaitEvent                        0x080020a5   Thumb Code    34  pca9685.o(i.PCA9685_WaitEvent)
    PCA9685_WriteReg                         0x080020c9   Thumb Code    86  pca9685.o(i.PCA9685_WriteReg)
    PWM_Init                                 0x0800212d   Thumb Code   150  pwm_2.o(i.PWM_Init)
    PendSV_Handler                           0x080021cd   Thumb Code     2  stm32f10x_it.o(i.PendSV_Handler)
    Pid_Control                              0x080021d1   Thumb Code   204  pid.o(i.Pid_Control)
    RCC_ADCCLKConfig                         0x080022a9   Thumb Code    18  stm32f10x_rcc.o(i.RCC_ADCCLKConfig)
    RCC_AHBPeriphClockCmd                    0x080022c1   Thumb Code    26  stm32f10x_rcc.o(i.RCC_AHBPeriphClockCmd)
    RCC_APB1PeriphClockCmd                   0x080022e1   Thumb Code    26  stm32f10x_rcc.o(i.RCC_APB1PeriphClockCmd)
    RCC_APB2PeriphClockCmd                   0x08002301   Thumb Code    26  stm32f10x_rcc.o(i.RCC_APB2PeriphClockCmd)
    RCC_GetClocksFreq                        0x08002321   Thumb Code   192  stm32f10x_rcc.o(i.RCC_GetClocksFreq)
    Ray_Init                                 0x080023f5   Thumb Code    60  ray.o(i.Ray_Init)
    SVC_Handler                              0x08002439   Thumb Code     2  stm32f10x_it.o(i.SVC_Handler)
    Set_Angle                                0x08002525   Thumb Code    86  servo_motor.o(i.Set_Angle)
    Set_Angle_Vert                           0x08002595   Thumb Code    88  pca9685.o(i.Set_Angle_Vert)
    Show_DC_Motor_State                      0x080025fd   Thumb Code    80  dc_motor.o(i.Show_DC_Motor_State)
    Show_Distance                            0x08002675   Thumb Code    78  cs100a.o(i.Show_Distance)
    Show_Voltage_State                       0x080026e1   Thumb Code   152  ad.o(i.Show_Voltage_State)
    Speed_Get                                0x080027a5   Thumb Code    52  dc_motor.o(i.Speed_Get)
    SysTick_Handler                          0x080027e5   Thumb Code     2  stm32f10x_it.o(i.SysTick_Handler)
    SystemInit                               0x080027e9   Thumb Code    78  system_stm32f10x.o(i.SystemInit)
    TIM1_PWM_Init                            0x08002a89   Thumb Code   154  pwm_1.o(i.TIM1_PWM_Init)
    TIM2_IRQHandler                          0x08002b2d   Thumb Code   128  main.o(i.TIM2_IRQHandler)
    TIM_ARRPreloadConfig                     0x08002bc5   Thumb Code    24  stm32f10x_tim.o(i.TIM_ARRPreloadConfig)
    TIM_ClearFlag                            0x08002bdd   Thumb Code     6  stm32f10x_tim.o(i.TIM_ClearFlag)
    TIM_ClearITPendingBit                    0x08002be3   Thumb Code     6  stm32f10x_tim.o(i.TIM_ClearITPendingBit)
    TIM_Cmd                                  0x08002be9   Thumb Code    24  stm32f10x_tim.o(i.TIM_Cmd)
    TIM_CtrlPWMOutputs                       0x08002c01   Thumb Code    30  stm32f10x_tim.o(i.TIM_CtrlPWMOutputs)
    TIM_EncoderInterfaceConfig               0x08002c1f   Thumb Code    66  stm32f10x_tim.o(i.TIM_EncoderInterfaceConfig)
    TIM_GetCapture1                          0x08002c61   Thumb Code     6  stm32f10x_tim.o(i.TIM_GetCapture1)
    TIM_GetCounter                           0x08002c67   Thumb Code     6  stm32f10x_tim.o(i.TIM_GetCounter)
    TIM_GetITStatus                          0x08002c6d   Thumb Code    34  stm32f10x_tim.o(i.TIM_GetITStatus)
    TIM_ICInit                               0x08002c91   Thumb Code   150  stm32f10x_tim.o(i.TIM_ICInit)
    TIM_ICStructInit                         0x08002d3d   Thumb Code    18  stm32f10x_tim.o(i.TIM_ICStructInit)
    TIM_ITConfig                             0x08002d4f   Thumb Code    18  stm32f10x_tim.o(i.TIM_ITConfig)
    TIM_InternalClockConfig                  0x08002d61   Thumb Code    12  stm32f10x_tim.o(i.TIM_InternalClockConfig)
    TIM_OC1Init                              0x08002d6d   Thumb Code   132  stm32f10x_tim.o(i.TIM_OC1Init)
    TIM_OC1PreloadConfig                     0x08002e05   Thumb Code    18  stm32f10x_tim.o(i.TIM_OC1PreloadConfig)
    TIM_OC2Init                              0x08002e19   Thumb Code   154  stm32f10x_tim.o(i.TIM_OC2Init)
    TIM_OCStructInit                         0x08002ebd   Thumb Code    20  stm32f10x_tim.o(i.TIM_OCStructInit)
    TIM_SetCompare1                          0x08002ed1   Thumb Code     4  stm32f10x_tim.o(i.TIM_SetCompare1)
    TIM_SetCompare2                          0x08002ed5   Thumb Code     4  stm32f10x_tim.o(i.TIM_SetCompare2)
    TIM_SetCounter                           0x08002ed9   Thumb Code     4  stm32f10x_tim.o(i.TIM_SetCounter)
    TIM_SetIC1Prescaler                      0x08002edd   Thumb Code    18  stm32f10x_tim.o(i.TIM_SetIC1Prescaler)
    TIM_SetIC2Prescaler                      0x08002eef   Thumb Code    26  stm32f10x_tim.o(i.TIM_SetIC2Prescaler)
    TIM_SetIC3Prescaler                      0x08002f09   Thumb Code    18  stm32f10x_tim.o(i.TIM_SetIC3Prescaler)
    TIM_SetIC4Prescaler                      0x08002f1b   Thumb Code    26  stm32f10x_tim.o(i.TIM_SetIC4Prescaler)
    TIM_TimeBaseInit                         0x08002f35   Thumb Code   122  stm32f10x_tim.o(i.TIM_TimeBaseInit)
    TIM_TimeBaseStructInit                   0x08002fd9   Thumb Code    18  stm32f10x_tim.o(i.TIM_TimeBaseStructInit)
    Timer_Init                               0x08002feb   Thumb Code   124  timer.o(i.Timer_Init)
    Turn_Left_90                             0x08003069   Thumb Code    38  servo_motor.o(i.Turn_Left_90)
    Turn_Right_90                            0x08003099   Thumb Code    38  servo_motor.o(i.Turn_Right_90)
    USART1_IRQHandler                        0x080030c9   Thumb Code   134  usart.o(i.USART1_IRQHandler)
    USART2_IRQHandler                        0x0800316d   Thumb Code   126  bluetooth.o(i.USART2_IRQHandler)
    USART_Cmd                                0x08003205   Thumb Code    24  stm32f10x_usart.o(i.USART_Cmd)
    USART_GetFlagStatus                      0x0800321d   Thumb Code    26  stm32f10x_usart.o(i.USART_GetFlagStatus)
    USART_GetITStatus                        0x08003237   Thumb Code    84  stm32f10x_usart.o(i.USART_GetITStatus)
    USART_ITConfig                           0x0800328b   Thumb Code    74  stm32f10x_usart.o(i.USART_ITConfig)
    USART_Init                               0x080032d5   Thumb Code   210  stm32f10x_usart.o(i.USART_Init)
    USART_ReceiveData                        0x080033ad   Thumb Code    10  stm32f10x_usart.o(i.USART_ReceiveData)
    USART_SendData                           0x080033b7   Thumb Code     8  stm32f10x_usart.o(i.USART_SendData)
    UsageFault_Handler                       0x080033bf   Thumb Code     4  stm32f10x_it.o(i.UsageFault_Handler)
    __0vsprintf                              0x080033c5   Thumb Code    30  printfa.o(i.__0vsprintf)
    __1vsprintf                              0x080033c5   Thumb Code     0  printfa.o(i.__0vsprintf)
    __2vsprintf                              0x080033c5   Thumb Code     0  printfa.o(i.__0vsprintf)
    __c89vsprintf                            0x080033c5   Thumb Code     0  printfa.o(i.__0vsprintf)
    vsprintf                                 0x080033c5   Thumb Code     0  printfa.o(i.__0vsprintf)
    __scatterload_copy                       0x080033e9   Thumb Code    14  handlers.o(i.__scatterload_copy)
    __scatterload_null                       0x080033f7   Thumb Code     2  handlers.o(i.__scatterload_null)
    __scatterload_zeroinit                   0x080033f9   Thumb Code    14  handlers.o(i.__scatterload_zeroinit)
    delay_ms                                 0x08003cc5   Thumb Code    24  public.o(i.delay_ms)
    delay_us                                 0x08003cdd   Thumb Code    74  public.o(i.delay_us)
    floor                                    0x08003d29   Thumb Code   204  floor.o(i.floor)
    main                                     0x08003e05   Thumb Code   370  main.o(i.main)
    uart_init                                0x08003f9d   Thumb Code   156  usart.o(i.uart_init)
    OLED_F8x16                               0x08004040   Data        1520  oled.o(.constdata)
    Region$$Table$$Base                      0x08004630   Number         0  anon$$obj.o(Region$$Table)
    Region$$Table$$Limit                     0x08004650   Number         0  anon$$obj.o(Region$$Table)
    AD_Value                                 0x20000014   Data           4  ad.o(.data)
    Voltage                                  0x20000018   Data           8  ad.o(.data)
    BlueTooth_TxData                         0x20000020   Data           1  bluetooth.o(.data)
    BlueTooth_RxData                         0x20000021   Data           1  bluetooth.o(.data)
    BlueTooth_TxPack                         0x20000022   Data           1  bluetooth.o(.data)
    BlueTooth_RxPack                         0x20000023   Data           1  bluetooth.o(.data)
    BlueTooth_RxPackFlag                     0x20000024   Data           2  bluetooth.o(.data)
    Duty                                     0x2000002c   Data           4  dc_motor.o(.data)
    Direction                                0x20000030   Data           4  dc_motor.o(.data)
    Speed_Cm_S                               0x20000034   Data           4  dc_motor.o(.data)
    Sum_Pulse                                0x20000038   Data           4  dc_motor.o(.data)
    DC_Motor_Speed_Kp                        0x2000003c   Data           4  dc_motor.o(.data)
    DC_Motor_Speed_Ki                        0x20000040   Data           4  dc_motor.o(.data)
    DC_Motor_Speed_Kd                        0x20000044   Data           4  dc_motor.o(.data)
    DC_Motor_Length_Kp                       0x20000048   Data           4  dc_motor.o(.data)
    DC_Motor_Length_Ki                       0x2000004c   Data           4  dc_motor.o(.data)
    DC_Motor_Length_Kd                       0x20000050   Data           4  dc_motor.o(.data)
    time                                     0x20000054   Data           4  cs100a.o(.data)
    distance                                 0x20000058   Data           4  cs100a.o(.data)
    point1                                   0x2000005c   Data           2  usart.o(.data)
    RxData                                   0x2000005e   Data           1  usart.o(.data)
    RxPackFlag                               0x20000060   Data           2  usart.o(.data)
    L_2                                      0x20000068   Data           4  ray.o(.data)
    L_1                                      0x2000006c   Data           4  ray.o(.data)
    C                                        0x20000070   Data           4  ray.o(.data)
    R_1                                      0x20000074   Data           4  ray.o(.data)
    R_2                                      0x20000078   Data           4  ray.o(.data)
    State                                    0x2000007c   Data           4  ray.o(.data)
    Stop_Sign                                0x20000080   Data           4  ray.o(.data)
    Follow_Track_Stop_Sign                   0x20000084   Data           4  ray.o(.data)
    Off_L                                    0x20000088   Data           4  pca9685.o(.data)
    Off_V                                    0x2000008c   Data           4  pca9685.o(.data)
    x                                        0x20000090   Data           4  pca9685.o(.data)
    y                                        0x20000094   Data           4  pca9685.o(.data)
    Follow_Point_Stop_Sign                   0x20000098   Data           4  pca9685.o(.data)
    Level_Kp                                 0x2000009c   Data           4  pca9685.o(.data)
    Level_Ki                                 0x200000a0   Data           4  pca9685.o(.data)
    Level_Kd                                 0x200000a4   Data           4  pca9685.o(.data)
    Vert_Kp                                  0x200000a8   Data           4  pca9685.o(.data)
    Vert_Ki                                  0x200000ac   Data           4  pca9685.o(.data)
    Vert_Kd                                  0x200000b0   Data           4  pca9685.o(.data)
    v_x                                      0x200000b4   Data           4  pca9685.o(.data)
    v_y                                      0x200000b8   Data           4  pca9685.o(.data)
    JoyStick_Control_Stop_Sign               0x200000bc   Data           4  pca9685.o(.data)
    v_x_Kp                                   0x200000c0   Data           4  pca9685.o(.data)
    v_x_Ki                                   0x200000c4   Data           4  pca9685.o(.data)
    v_x_Kd                                   0x200000c8   Data           4  pca9685.o(.data)
    v_y_Kp                                   0x200000cc   Data           4  pca9685.o(.data)
    v_y_Ki                                   0x200000d0   Data           4  pca9685.o(.data)
    v_y_Kd                                   0x200000d4   Data           4  pca9685.o(.data)
    Ax                                       0x200000d8   Data           2  main.o(.data)
    Ay                                       0x200000da   Data           2  main.o(.data)
    Az                                       0x200000dc   Data           2  main.o(.data)
    Pitch                                    0x200000de   Data           2  main.o(.data)
    Roll                                     0x200000e0   Data           2  main.o(.data)
    Yaw                                      0x200000e2   Data           2  main.o(.data)
    order                                    0x200000e4   Data           4  main.o(.data)
    duty                                     0x200000e8   Data           4  main.o(.data)
    USART_RX_INFO                            0x200000fc   Data          64  usart.o(.bss)
    __initial_sp                             0x20000540   Data           0  startup_stm32f10x_md.o(STACK)



==============================================================================

Memory Map of the image

  Image Entry point : 0x080000ed

  Load Region LR_IROM1 (Base: 0x08000000, Size: 0x0000474c, Max: 0x00008000, ABSOLUTE)

    Execution Region ER_IROM1 (Exec base: 0x08000000, Load base: 0x08000000, Size: 0x00004650, Max: 0x00008000, ABSOLUTE)

    Exec Addr    Load Addr    Size         Type   Attr      Idx    E Section Name        Object

    0x08000000   0x08000000   0x000000ec   Data   RO           19    RESET               startup_stm32f10x_md.o
    0x080000ec   0x080000ec   0x00000000   Code   RO         4137  * .ARM.Collect$$$$00000000  mc_w.l(entry.o)
    0x080000ec   0x080000ec   0x00000004   Code   RO         4202    .ARM.Collect$$$$00000001  mc_w.l(entry2.o)
    0x080000f0   0x080000f0   0x00000004   Code   RO         4205    .ARM.Collect$$$$00000004  mc_w.l(entry5.o)
    0x080000f4   0x080000f4   0x00000000   Code   RO         4207    .ARM.Collect$$$$00000008  mc_w.l(entry7b.o)
    0x080000f4   0x080000f4   0x00000000   Code   RO         4209    .ARM.Collect$$$$0000000A  mc_w.l(entry8b.o)
    0x080000f4   0x080000f4   0x00000008   Code   RO         4210    .ARM.Collect$$$$0000000B  mc_w.l(entry9a.o)
    0x080000fc   0x080000fc   0x00000000   Code   RO         4212    .ARM.Collect$$$$0000000D  mc_w.l(entry10a.o)
    0x080000fc   0x080000fc   0x00000000   Code   RO         4214    .ARM.Collect$$$$0000000F  mc_w.l(entry11a.o)
    0x080000fc   0x080000fc   0x00000004   Code   RO         4203    .ARM.Collect$$$$00002712  mc_w.l(entry2.o)
    0x08000100   0x08000100   0x00000024   Code   RO           20    .text               startup_stm32f10x_md.o
    0x08000124   0x08000124   0x00000024   Code   RO         4140    .text               mc_w.l(memseta.o)
    0x08000148   0x08000148   0x000000b0   Code   RO         4170    .text               mf_w.l(fadd.o)
    0x080001f8   0x080001f8   0x00000064   Code   RO         4172    .text               mf_w.l(fmul.o)
    0x0800025c   0x0800025c   0x0000007c   Code   RO         4174    .text               mf_w.l(fdiv.o)
    0x080002d8   0x080002d8   0x0000014e   Code   RO         4176    .text               mf_w.l(dadd.o)
    0x08000426   0x08000426   0x000000e4   Code   RO         4178    .text               mf_w.l(dmul.o)
    0x0800050a   0x0800050a   0x000000de   Code   RO         4180    .text               mf_w.l(ddiv.o)
    0x080005e8   0x080005e8   0x00000012   Code   RO         4182    .text               mf_w.l(fflti.o)
    0x080005fa   0x080005fa   0x0000000a   Code   RO         4184    .text               mf_w.l(ffltui.o)
    0x08000604   0x08000604   0x00000022   Code   RO         4186    .text               mf_w.l(dflti.o)
    0x08000626   0x08000626   0x00000032   Code   RO         4188    .text               mf_w.l(ffixi.o)
    0x08000658   0x08000658   0x00000028   Code   RO         4190    .text               mf_w.l(ffixui.o)
    0x08000680   0x08000680   0x0000003e   Code   RO         4192    .text               mf_w.l(dfixi.o)
    0x080006be   0x080006be   0x00000026   Code   RO         4194    .text               mf_w.l(f2d.o)
    0x080006e4   0x080006e4   0x00000038   Code   RO         4196    .text               mf_w.l(d2f.o)
    0x0800071c   0x0800071c   0x00000014   Code   RO         4198    .text               mf_w.l(cfcmple.o)
    0x08000730   0x08000730   0x00000014   Code   RO         4200    .text               mf_w.l(cfrcmple.o)
    0x08000744   0x08000744   0x0000002c   Code   RO         4217    .text               mc_w.l(uidiv.o)
    0x08000770   0x08000770   0x00000062   Code   RO         4219    .text               mc_w.l(uldiv.o)
    0x080007d2   0x080007d2   0x0000001e   Code   RO         4221    .text               mc_w.l(llshl.o)
    0x080007f0   0x080007f0   0x00000020   Code   RO         4223    .text               mc_w.l(llushr.o)
    0x08000810   0x08000810   0x00000024   Code   RO         4225    .text               mc_w.l(llsshr.o)
    0x08000834   0x08000834   0x00000000   Code   RO         4227    .text               mc_w.l(iusefp.o)
    0x08000834   0x08000834   0x0000006e   Code   RO         4228    .text               mf_w.l(fepilogue.o)
    0x080008a2   0x080008a2   0x000000ba   Code   RO         4230    .text               mf_w.l(depilogue.o)
    0x0800095c   0x0800095c   0x00000030   Code   RO         4232    .text               mf_w.l(dfixul.o)
    0x0800098c   0x0800098c   0x00000030   Code   RO         4234    .text               mf_w.l(cdrcmple.o)
    0x080009bc   0x080009bc   0x00000024   Code   RO         4236    .text               mc_w.l(init.o)
    0x080009e0   0x080009e0   0x00000016   Code   RO          202    i.ADC_Cmd           stm32f10x_adc.o
    0x080009f6   0x080009f6   0x00000016   Code   RO          203    i.ADC_DMACmd        stm32f10x_adc.o
    0x08000a0c   0x08000a0c   0x00000014   Code   RO          210    i.ADC_GetCalibrationStatus  stm32f10x_adc.o
    0x08000a20   0x08000a20   0x00000014   Code   RO          216    i.ADC_GetResetCalibrationStatus  stm32f10x_adc.o
    0x08000a34   0x08000a34   0x00000050   Code   RO          220    i.ADC_Init          stm32f10x_adc.o
    0x08000a84   0x08000a84   0x000000b8   Code   RO          224    i.ADC_RegularChannelConfig  stm32f10x_adc.o
    0x08000b3c   0x08000b3c   0x0000000a   Code   RO          225    i.ADC_ResetCalibration  stm32f10x_adc.o
    0x08000b46   0x08000b46   0x00000016   Code   RO          227    i.ADC_SoftwareStartConvCmd  stm32f10x_adc.o
    0x08000b5c   0x08000b5c   0x0000000a   Code   RO          229    i.ADC_StartCalibration  stm32f10x_adc.o
    0x08000b66   0x08000b66   0x00000002   PAD
    0x08000b68   0x08000b68   0x0000010c   Code   RO         3297    i.AD_Init           ad.o
    0x08000c74   0x08000c74   0x00000048   Code   RO         3797    i.Beep_Init         beep.o
    0x08000cbc   0x08000cbc   0x00000040   Code   RO         3800    i.Beep_Times        beep.o
    0x08000cfc   0x08000cfc   0x000000b4   Code   RO         3357    i.BlueToothInit     bluetooth.o
    0x08000db0   0x08000db0   0x00000020   Code   RO         3358    i.BlueTooth_TransmitByte  bluetooth.o
    0x08000dd0   0x08000dd0   0x00000024   Code   RO         3359    i.BlueTooth_TransmitPrintf  bluetooth.o
    0x08000df4   0x08000df4   0x0000001a   Code   RO         3360    i.BlueTooth_TransmitString  bluetooth.o
    0x08000e0e   0x08000e0e   0x00000004   Code   RO         3998    i.BusFault_Handler  stm32f10x_it.o
    0x08000e12   0x08000e12   0x00000002   PAD
    0x08000e14   0x08000e14   0x0000001c   Code   RO         3716    i.CLR_Buf           usart.o
    0x08000e30   0x08000e30   0x0000009c   Code   RO         3641    i.Cs100a_Init       cs100a.o
    0x08000ecc   0x08000ecc   0x00000028   Code   RO         3642    i.Cs100a_Start      cs100a.o
    0x08000ef4   0x08000ef4   0x00000018   Code   RO          911    i.DMA_Cmd           stm32f10x_dma.o
    0x08000f0c   0x08000f0c   0x0000003c   Code   RO          917    i.DMA_Init          stm32f10x_dma.o
    0x08000f48   0x08000f48   0x00000024   Code   RO         3535    i.Dc_Motor_Back     dc_motor.o
    0x08000f6c   0x08000f6c   0x00000064   Code   RO         3536    i.Dc_Motor_Emerg_Stop  dc_motor.o
    0x08000fd0   0x08000fd0   0x00000024   Code   RO         3537    i.Dc_Motor_Go       dc_motor.o
    0x08000ff4   0x08000ff4   0x0000003c   Code   RO         3538    i.Dc_Motor_Init     dc_motor.o
    0x08001030   0x08001030   0x000000d8   Code   RO         3539    i.Dc_Motor_Move     dc_motor.o
    0x08001108   0x08001108   0x0000002c   Code   RO         3540    i.Dc_Motor_SetDuty  dc_motor.o
    0x08001134   0x08001134   0x0000010c   Code   RO         3542    i.Dc_Motor_SetSpeed_PID  dc_motor.o
    0x08001240   0x08001240   0x00000038   Code   RO         3543    i.Dc_Motor_Stop     dc_motor.o
    0x08001278   0x08001278   0x00000002   Code   RO         3999    i.DebugMon_Handler  stm32f10x_it.o
    0x0800127a   0x0800127a   0x00000002   PAD
    0x0800127c   0x0800127c   0x00000044   Code   RO         4061    i.EXTI15_10_IRQHandler  main.o
    0x080012c0   0x080012c0   0x0000000c   Code   RO          985    i.EXTI_ClearITPendingBit  stm32f10x_exti.o
    0x080012cc   0x080012cc   0x00000028   Code   RO          989    i.EXTI_GetITStatus  stm32f10x_exti.o
    0x080012f4   0x080012f4   0x00000094   Code   RO          990    i.EXTI_Init         stm32f10x_exti.o
    0x08001388   0x08001388   0x0000001c   Code   RO         3544    i.Encoder_Get       dc_motor.o
    0x080013a4   0x080013a4   0x000000ac   Code   RO         3545    i.Encoder_Init      dc_motor.o
    0x08001450   0x08001450   0x00000058   Code   RO         3671    i.Fast_Turn_Left_90  servo_motor.o
    0x080014a8   0x080014a8   0x00000058   Code   RO         3672    i.Fast_Turn_Right_90  servo_motor.o
    0x08001500   0x08001500   0x00000040   Code   RO         1344    i.GPIO_EXTILineConfig  stm32f10x_gpio.o
    0x08001540   0x08001540   0x00000116   Code   RO         1347    i.GPIO_Init         stm32f10x_gpio.o
    0x08001656   0x08001656   0x00000002   PAD
    0x08001658   0x08001658   0x00000090   Code   RO         1349    i.GPIO_PinRemapConfig  stm32f10x_gpio.o
    0x080016e8   0x080016e8   0x00000004   Code   RO         1354    i.GPIO_ResetBits    stm32f10x_gpio.o
    0x080016ec   0x080016ec   0x00000004   Code   RO         1355    i.GPIO_SetBits      stm32f10x_gpio.o
    0x080016f0   0x080016f0   0x0000000a   Code   RO         1358    i.GPIO_WriteBit     stm32f10x_gpio.o
    0x080016fa   0x080016fa   0x00000002   PAD
    0x080016fc   0x080016fc   0x0000001c   Code   RO         3362    i.Get_BlueTooth_ReceivePackFlag  bluetooth.o
    0x08001718   0x08001718   0x00000068   Code   RO         3903    i.Get_Point_Pos     pca9685.o
    0x08001780   0x08001780   0x00000004   Code   RO         4000    i.HardFault_Handler  stm32f10x_it.o
    0x08001784   0x08001784   0x00000018   Code   RO         1459    i.I2C_AcknowledgeConfig  stm32f10x_i2c.o
    0x0800179c   0x0800179c   0x0000002a   Code   RO         1461    i.I2C_CheckEvent    stm32f10x_i2c.o
    0x080017c6   0x080017c6   0x00000018   Code   RO         1464    i.I2C_Cmd           stm32f10x_i2c.o
    0x080017de   0x080017de   0x00000018   Code   RO         1471    i.I2C_GenerateSTART  stm32f10x_i2c.o
    0x080017f6   0x080017f6   0x00000018   Code   RO         1472    i.I2C_GenerateSTOP  stm32f10x_i2c.o
    0x0800180e   0x0800180e   0x00000002   PAD
    0x08001810   0x08001810   0x000000ec   Code   RO         1478    i.I2C_Init          stm32f10x_i2c.o
    0x080018fc   0x080018fc   0x00000008   Code   RO         1483    i.I2C_ReceiveData   stm32f10x_i2c.o
    0x08001904   0x08001904   0x00000012   Code   RO         1485    i.I2C_Send7bitAddress  stm32f10x_i2c.o
    0x08001916   0x08001916   0x00000004   Code   RO         1486    i.I2C_SendData      stm32f10x_i2c.o
    0x0800191a   0x0800191a   0x00000002   PAD
    0x0800191c   0x0800191c   0x00000048   Code   RO         3830    i.Led_Init          led.o
    0x08001964   0x08001964   0x00000040   Code   RO         3833    i.Led_Times         led.o
    0x080019a4   0x080019a4   0x000000a4   Code   RO         3754    i.MPU6050_Init      mpu6050.o
    0x08001a48   0x08001a48   0x00000022   Code   RO         3756    i.MPU6050_WaitEvent  mpu6050.o
    0x08001a6a   0x08001a6a   0x00000002   PAD
    0x08001a6c   0x08001a6c   0x00000064   Code   RO         3757    i.MPU6050_WriteReg  mpu6050.o
    0x08001ad0   0x08001ad0   0x00000004   Code   RO         4001    i.MemManage_Handler  stm32f10x_it.o
    0x08001ad4   0x08001ad4   0x00000002   Code   RO         4002    i.NMI_Handler       stm32f10x_it.o
    0x08001ad6   0x08001ad6   0x00000002   PAD
    0x08001ad8   0x08001ad8   0x00000070   Code   RO          137    i.NVIC_Init         misc.o
    0x08001b48   0x08001b48   0x00000014   Code   RO          138    i.NVIC_PriorityGroupConfig  misc.o
    0x08001b5c   0x08001b5c   0x0000002a   Code   RO         3427    i.OLED_Clear        oled.o
    0x08001b86   0x08001b86   0x00000002   PAD
    0x08001b88   0x08001b88   0x0000004c   Code   RO         3428    i.OLED_I2C_Init     oled.o
    0x08001bd4   0x08001bd4   0x00000050   Code   RO         3429    i.OLED_I2C_SendByte  oled.o
    0x08001c24   0x08001c24   0x00000030   Code   RO         3430    i.OLED_I2C_Start    oled.o
    0x08001c54   0x08001c54   0x00000028   Code   RO         3431    i.OLED_I2C_Stop     oled.o
    0x08001c7c   0x08001c7c   0x000000ae   Code   RO         3432    i.OLED_Init         oled.o
    0x08001d2a   0x08001d2a   0x00000014   Code   RO         3433    i.OLED_Pow          oled.o
    0x08001d3e   0x08001d3e   0x00000022   Code   RO         3434    i.OLED_SetCursor    oled.o
    0x08001d60   0x08001d60   0x00000074   Code   RO         3436    i.OLED_ShowChar     oled.o
    0x08001dd4   0x08001dd4   0x00000044   Code   RO         3438    i.OLED_ShowNum      oled.o
    0x08001e18   0x08001e18   0x00000028   Code   RO         3440    i.OLED_ShowString   oled.o
    0x08001e40   0x08001e40   0x00000020   Code   RO         3441    i.OLED_WriteCommand  oled.o
    0x08001e60   0x08001e60   0x00000020   Code   RO         3442    i.OLED_WriteData    oled.o
    0x08001e80   0x08001e80   0x000000ac   Code   RO         3905    i.PCA9685_Init      pca9685.o
    0x08001f2c   0x08001f2c   0x00000098   Code   RO         3906    i.PCA9685_ReadReg   pca9685.o
    0x08001fc4   0x08001fc4   0x0000003e   Code   RO         3907    i.PCA9685_SetPwm    pca9685.o
    0x08002002   0x08002002   0x00000002   PAD
    0x08002004   0x08002004   0x000000a0   Code   RO         3908    i.PCA9685_SetPwmFreq  pca9685.o
    0x080020a4   0x080020a4   0x00000022   Code   RO         3909    i.PCA9685_WaitEvent  pca9685.o
    0x080020c6   0x080020c6   0x00000002   PAD
    0x080020c8   0x080020c8   0x00000064   Code   RO         3910    i.PCA9685_WriteReg  pca9685.o
    0x0800212c   0x0800212c   0x000000a0   Code   RO         3345    i.PWM_Init          pwm_2.o
    0x080021cc   0x080021cc   0x00000002   Code   RO         4003    i.PendSV_Handler    stm32f10x_it.o
    0x080021ce   0x080021ce   0x00000002   PAD
    0x080021d0   0x080021d0   0x000000d8   Code   RO         4117    i.Pid_Control       pid.o
    0x080022a8   0x080022a8   0x00000018   Code   RO         1773    i.RCC_ADCCLKConfig  stm32f10x_rcc.o
    0x080022c0   0x080022c0   0x00000020   Code   RO         1774    i.RCC_AHBPeriphClockCmd  stm32f10x_rcc.o
    0x080022e0   0x080022e0   0x00000020   Code   RO         1775    i.RCC_APB1PeriphClockCmd  stm32f10x_rcc.o
    0x08002300   0x08002300   0x00000020   Code   RO         1777    i.RCC_APB2PeriphClockCmd  stm32f10x_rcc.o
    0x08002320   0x08002320   0x000000d4   Code   RO         1785    i.RCC_GetClocksFreq  stm32f10x_rcc.o
    0x080023f4   0x080023f4   0x00000044   Code   RO         3865    i.Ray_Init          ray.o
    0x08002438   0x08002438   0x00000002   Code   RO         4004    i.SVC_Handler       stm32f10x_it.o
    0x0800243a   0x0800243a   0x00000008   Code   RO           24    i.SetSysClock       system_stm32f10x.o
    0x08002442   0x08002442   0x00000002   PAD
    0x08002444   0x08002444   0x000000e0   Code   RO           25    i.SetSysClockTo72   system_stm32f10x.o
    0x08002524   0x08002524   0x00000070   Code   RO         3673    i.Set_Angle         servo_motor.o
    0x08002594   0x08002594   0x00000068   Code   RO         3911    i.Set_Angle_Vert    pca9685.o
    0x080025fc   0x080025fc   0x00000078   Code   RO         3546    i.Show_DC_Motor_State  dc_motor.o
    0x08002674   0x08002674   0x0000006c   Code   RO         3643    i.Show_Distance     cs100a.o
    0x080026e0   0x080026e0   0x000000c4   Code   RO         3298    i.Show_Voltage_State  ad.o
    0x080027a4   0x080027a4   0x00000040   Code   RO         3547    i.Speed_Get         dc_motor.o
    0x080027e4   0x080027e4   0x00000002   Code   RO         4005    i.SysTick_Handler   stm32f10x_it.o
    0x080027e6   0x080027e6   0x00000002   PAD
    0x080027e8   0x080027e8   0x00000060   Code   RO           27    i.SystemInit        system_stm32f10x.o
    0x08002848   0x08002848   0x00000080   Code   RO         2405    i.TI1_Config        stm32f10x_tim.o
    0x080028c8   0x080028c8   0x00000098   Code   RO         2406    i.TI2_Config        stm32f10x_tim.o
    0x08002960   0x08002960   0x00000090   Code   RO         2407    i.TI3_Config        stm32f10x_tim.o
    0x080029f0   0x080029f0   0x00000098   Code   RO         2408    i.TI4_Config        stm32f10x_tim.o
    0x08002a88   0x08002a88   0x000000a4   Code   RO         3330    i.TIM1_PWM_Init     pwm_1.o
    0x08002b2c   0x08002b2c   0x00000098   Code   RO         4062    i.TIM2_IRQHandler   main.o
    0x08002bc4   0x08002bc4   0x00000018   Code   RO         2409    i.TIM_ARRPreloadConfig  stm32f10x_tim.o
    0x08002bdc   0x08002bdc   0x00000006   Code   RO         2415    i.TIM_ClearFlag     stm32f10x_tim.o
    0x08002be2   0x08002be2   0x00000006   Code   RO         2416    i.TIM_ClearITPendingBit  stm32f10x_tim.o
    0x08002be8   0x08002be8   0x00000018   Code   RO         2421    i.TIM_Cmd           stm32f10x_tim.o
    0x08002c00   0x08002c00   0x0000001e   Code   RO         2423    i.TIM_CtrlPWMOutputs  stm32f10x_tim.o
    0x08002c1e   0x08002c1e   0x00000042   Code   RO         2430    i.TIM_EncoderInterfaceConfig  stm32f10x_tim.o
    0x08002c60   0x08002c60   0x00000006   Code   RO         2436    i.TIM_GetCapture1   stm32f10x_tim.o
    0x08002c66   0x08002c66   0x00000006   Code   RO         2440    i.TIM_GetCounter    stm32f10x_tim.o
    0x08002c6c   0x08002c6c   0x00000022   Code   RO         2442    i.TIM_GetITStatus   stm32f10x_tim.o
    0x08002c8e   0x08002c8e   0x00000002   PAD
    0x08002c90   0x08002c90   0x000000ac   Code   RO         2444    i.TIM_ICInit        stm32f10x_tim.o
    0x08002d3c   0x08002d3c   0x00000012   Code   RO         2445    i.TIM_ICStructInit  stm32f10x_tim.o
    0x08002d4e   0x08002d4e   0x00000012   Code   RO         2446    i.TIM_ITConfig      stm32f10x_tim.o
    0x08002d60   0x08002d60   0x0000000c   Code   RO         2448    i.TIM_InternalClockConfig  stm32f10x_tim.o
    0x08002d6c   0x08002d6c   0x00000098   Code   RO         2450    i.TIM_OC1Init       stm32f10x_tim.o
    0x08002e04   0x08002e04   0x00000012   Code   RO         2453    i.TIM_OC1PreloadConfig  stm32f10x_tim.o
    0x08002e16   0x08002e16   0x00000002   PAD
    0x08002e18   0x08002e18   0x000000a4   Code   RO         2455    i.TIM_OC2Init       stm32f10x_tim.o
    0x08002ebc   0x08002ebc   0x00000014   Code   RO         2468    i.TIM_OCStructInit  stm32f10x_tim.o
    0x08002ed0   0x08002ed0   0x00000004   Code   RO         2482    i.TIM_SetCompare1   stm32f10x_tim.o
    0x08002ed4   0x08002ed4   0x00000004   Code   RO         2483    i.TIM_SetCompare2   stm32f10x_tim.o
    0x08002ed8   0x08002ed8   0x00000004   Code   RO         2486    i.TIM_SetCounter    stm32f10x_tim.o
    0x08002edc   0x08002edc   0x00000012   Code   RO         2487    i.TIM_SetIC1Prescaler  stm32f10x_tim.o
    0x08002eee   0x08002eee   0x0000001a   Code   RO         2488    i.TIM_SetIC2Prescaler  stm32f10x_tim.o
    0x08002f08   0x08002f08   0x00000012   Code   RO         2489    i.TIM_SetIC3Prescaler  stm32f10x_tim.o
    0x08002f1a   0x08002f1a   0x0000001a   Code   RO         2490    i.TIM_SetIC4Prescaler  stm32f10x_tim.o
    0x08002f34   0x08002f34   0x000000a4   Code   RO         2492    i.TIM_TimeBaseInit  stm32f10x_tim.o
    0x08002fd8   0x08002fd8   0x00000012   Code   RO         2493    i.TIM_TimeBaseStructInit  stm32f10x_tim.o
    0x08002fea   0x08002fea   0x0000007c   Code   RO         3284    i.Timer_Init        timer.o
    0x08003066   0x08003066   0x00000002   PAD
    0x08003068   0x08003068   0x00000030   Code   RO         3674    i.Turn_Left_90      servo_motor.o
    0x08003098   0x08003098   0x00000030   Code   RO         3675    i.Turn_Right_90     servo_motor.o
    0x080030c8   0x080030c8   0x000000a4   Code   RO         3717    i.USART1_IRQHandler  usart.o
    0x0800316c   0x0800316c   0x00000098   Code   RO         3363    i.USART2_IRQHandler  bluetooth.o
    0x08003204   0x08003204   0x00000018   Code   RO         2960    i.USART_Cmd         stm32f10x_usart.o
    0x0800321c   0x0800321c   0x0000001a   Code   RO         2963    i.USART_GetFlagStatus  stm32f10x_usart.o
    0x08003236   0x08003236   0x00000054   Code   RO         2964    i.USART_GetITStatus  stm32f10x_usart.o
    0x0800328a   0x0800328a   0x0000004a   Code   RO         2966    i.USART_ITConfig    stm32f10x_usart.o
    0x080032d4   0x080032d4   0x000000d8   Code   RO         2967    i.USART_Init        stm32f10x_usart.o
    0x080033ac   0x080033ac   0x0000000a   Code   RO         2974    i.USART_ReceiveData  stm32f10x_usart.o
    0x080033b6   0x080033b6   0x00000008   Code   RO         2977    i.USART_SendData    stm32f10x_usart.o
    0x080033be   0x080033be   0x00000004   Code   RO         4006    i.UsageFault_Handler  stm32f10x_it.o
    0x080033c2   0x080033c2   0x00000002   PAD
    0x080033c4   0x080033c4   0x00000024   Code   RO         4149    i.__0vsprintf       mc_w.l(printfa.o)
    0x080033e8   0x080033e8   0x0000000e   Code   RO         4240    i.__scatterload_copy  mc_w.l(handlers.o)
    0x080033f6   0x080033f6   0x00000002   Code   RO         4241    i.__scatterload_null  mc_w.l(handlers.o)
    0x080033f8   0x080033f8   0x0000000e   Code   RO         4242    i.__scatterload_zeroinit  mc_w.l(handlers.o)
    0x08003406   0x08003406   0x00000002   PAD
    0x08003408   0x08003408   0x00000184   Code   RO         4150    i._fp_digits        mc_w.l(printfa.o)
    0x0800358c   0x0800358c   0x000006dc   Code   RO         4151    i._printf_core      mc_w.l(printfa.o)
    0x08003c68   0x08003c68   0x00000024   Code   RO         4152    i._printf_post_padding  mc_w.l(printfa.o)
    0x08003c8c   0x08003c8c   0x0000002e   Code   RO         4153    i._printf_pre_padding  mc_w.l(printfa.o)
    0x08003cba   0x08003cba   0x0000000a   Code   RO         4155    i._sputc            mc_w.l(printfa.o)
    0x08003cc4   0x08003cc4   0x00000018   Code   RO         3197    i.delay_ms          public.o
    0x08003cdc   0x08003cdc   0x0000004a   Code   RO         3199    i.delay_us          public.o
    0x08003d26   0x08003d26   0x00000002   PAD
    0x08003d28   0x08003d28   0x000000dc   Code   RO         4134    i.floor             m_ws.l(floor.o)
    0x08003e04   0x08003e04   0x00000198   Code   RO         4063    i.main              main.o
    0x08003f9c   0x08003f9c   0x000000a4   Code   RO         3718    i.uart_init         usart.o
    0x08004040   0x08004040   0x000005f0   Data   RO         3443    .constdata          oled.o
    0x08004630   0x08004630   0x00000020   Data   RO         4238    Region$$Table       anon$$obj.o


    Execution Region RW_IRAM1 (Exec base: 0x20000000, Load base: 0x08004650, Size: 0x00000540, Max: 0x00002800, ABSOLUTE)

    Exec Addr    Load Addr    Size         Type   Attr      Idx    E Section Name        Object

    0x20000000   0x08004650   0x00000014   Data   RW         1805    .data               stm32f10x_rcc.o
    0x20000014   0x08004664   0x0000000c   Data   RW         3299    .data               ad.o
    0x20000020   0x08004670   0x0000000a   Data   RW         3365    .data               bluetooth.o
    0x2000002a   0x0800467a   0x00000002   PAD
    0x2000002c   0x0800467c   0x00000028   Data   RW         3548    .data               dc_motor.o
    0x20000054   0x080046a4   0x00000008   Data   RW         3644    .data               cs100a.o
    0x2000005c   0x080046ac   0x0000000c   Data   RW         3721    .data               usart.o
    0x20000068   0x080046b8   0x00000020   Data   RW         3867    .data               ray.o
    0x20000088   0x080046d8   0x00000050   Data   RW         3914    .data               pca9685.o
    0x200000d8   0x08004728   0x00000018   Data   RW         4064    .data               main.o
    0x200000f0   0x08004740   0x0000000c   Data   RW         4118    .data               pid.o
    0x200000fc        -       0x00000040   Zero   RW         3719    .bss                usart.o
    0x2000013c   0x0800474c   0x00000004   PAD
    0x20000140        -       0x00000400   Zero   RW           17    STACK               startup_stm32f10x_md.o


==============================================================================

Image component sizes


      Code (inc. data)   RO Data    RW Data    ZI Data      Debug   Object Name

       464         60          0         12          0       1714   ad.o
       136         12          0          0          0       1057   beep.o
       454         44          0         10          0       5318   bluetooth.o
         0          0          0          0          0       4580   core_cm3.o
       304         40          0          8          0       1809   cs100a.o
      1200        194          0         40          0       7295   dc_motor.o
       136         12          0          0          0       1051   led.o
       628         86          0         24          0       2133   main.o
       132         22          0          0          0     215367   misc.o
       298         22          0          0          0       2142   mpu6050.o
       802         26       1520          0          0       7641   oled.o
       888         78          0         80          0       6016   pca9685.o
       216         12          0         12          0        846   pid.o
        98          0          0          0          0        966   public.o
       164         10          0          0          0        724   pwm_1.o
       160         10          0          0          0        627   pwm_2.o
        68          8          0         32          0        898   ray.o
       384         82          0          0          0       2524   servo_motor.o
        36          8        236          0       1024        780   startup_stm32f10x_md.o
       390         10          0          0          0      17641   stm32f10x_adc.o
        84          0          0          0          0      12433   stm32f10x_dma.o
       200         18          0          0          0       4068   stm32f10x_exti.o
       504         10          0          0          0      13088   stm32f10x_gpio.o
       404         14          0          0          0      14508   stm32f10x_i2c.o
        26          0          0          0          0       3694   stm32f10x_it.o
       332         44          0         20          0      13981   stm32f10x_rcc.o
      1634        180          0          0          0      37844   stm32f10x_tim.o
       442          6          0          0          0      11833   stm32f10x_usart.o
       328         28          0          0          0      62897   system_stm32f10x.o
       124          0          0          0          0        553   timer.o
       356         48          0         12         64       2449   usart.o

    ----------------------------------------------------------------------
     11432       1084       1788        252       1092     458477   Object Totals
         0          0         32          0          0          0   (incl. Generated)
        40          0          0          2          4          0   (incl. Padding)

    ----------------------------------------------------------------------

      Code (inc. data)   RO Data    RW Data    ZI Data      Debug   Library Member Name

       220         16          0          0          0         84   floor.o
         0          0          0          0          0          0   entry.o
         0          0          0          0          0          0   entry10a.o
         0          0          0          0          0          0   entry11a.o
         8          4          0          0          0          0   entry2.o
         4          0          0          0          0          0   entry5.o
         0          0          0          0          0          0   entry7b.o
         0          0          0          0          0          0   entry8b.o
         8          4          0          0          0          0   entry9a.o
        30          0          0          0          0          0   handlers.o
        36          8          0          0          0         68   init.o
         0          0          0          0          0          0   iusefp.o
        30          0          0          0          0         68   llshl.o
        36          0          0          0          0         68   llsshr.o
        32          0          0          0          0         68   llushr.o
        36          0          0          0          0        108   memseta.o
      2272         86          0          0          0        516   printfa.o
        44          0          0          0          0         80   uidiv.o
        98          0          0          0          0         92   uldiv.o
        48          0          0          0          0         68   cdrcmple.o
        20          0          0          0          0         68   cfcmple.o
        20          0          0          0          0         68   cfrcmple.o
        56          0          0          0          0         88   d2f.o
       334          0          0          0          0        148   dadd.o
       222          0          0          0          0        100   ddiv.o
       186          0          0          0          0        176   depilogue.o
        62          0          0          0          0         80   dfixi.o
        48          0          0          0          0         68   dfixul.o
        34          0          0          0          0         76   dflti.o
       228          0          0          0          0         96   dmul.o
        38          0          0          0          0         68   f2d.o
       176          0          0          0          0        140   fadd.o
       124          0          0          0          0         88   fdiv.o
       110          0          0          0          0        168   fepilogue.o
        50          0          0          0          0         68   ffixi.o
        40          0          0          0          0         68   ffixui.o
        18          0          0          0          0         68   fflti.o
        10          0          0          0          0         68   ffltui.o
       100          0          0          0          0         76   fmul.o

    ----------------------------------------------------------------------
      4780        118          0          0          0       3000   Library Totals
         2          0          0          0          0          0   (incl. Padding)

    ----------------------------------------------------------------------

      Code (inc. data)   RO Data    RW Data    ZI Data      Debug   Library Name

       220         16          0          0          0         84   m_ws.l
      2634        102          0          0          0       1068   mc_w.l
      1924          0          0          0          0       1848   mf_w.l

    ----------------------------------------------------------------------
      4780        118          0          0          0       3000   Library Totals

    ----------------------------------------------------------------------

==============================================================================


      Code (inc. data)   RO Data    RW Data    ZI Data      Debug   

     16212       1202       1788        252       1092     452165   Grand Totals
     16212       1202       1788        252       1092     452165   ELF Image Totals
     16212       1202       1788        252          0          0   ROM Totals

==============================================================================

    Total RO  Size (Code + RO Data)                18000 (  17.58kB)
    Total RW  Size (RW Data + ZI Data)              1344 (   1.31kB)
    Total ROM Size (Code + RO Data + RW Data)      18252 (  17.82kB)

==============================================================================

